Archive member included to satisfy reference by file (symbol)

c:/sysgcc/arm-eabi/bin/../lib/gcc/arm-none-eabi/10.3.1/thumb/v6-m/nofp\libgcc.a(_dvmd_tls.o)
                              VisualGDB/Debug/_2_/ExternalRepositories/pico-sdk/src/rp2_common/pico_divider/divider.o (__aeabi_idiv0)
c:/sysgcc/arm-eabi/bin/../lib/gcc/arm-none-eabi/10.3.1/../../../../arm-none-eabi/lib/thumb/v6-m/nofp\libc.a(lib_a-calloc.o)
                              VisualGDB/Debug/_2_/ExternalRepositories/pico-sdk/src/rp2_common/pico_malloc/pico_malloc.o (calloc)
c:/sysgcc/arm-eabi/bin/../lib/gcc/arm-none-eabi/10.3.1/../../../../arm-none-eabi/lib/thumb/v6-m/nofp\libc.a(lib_a-callocr.o)
                              c:/sysgcc/arm-eabi/bin/../lib/gcc/arm-none-eabi/10.3.1/../../../../arm-none-eabi/lib/thumb/v6-m/nofp\libc.a(lib_a-calloc.o) (_calloc_r)
c:/sysgcc/arm-eabi/bin/../lib/gcc/arm-none-eabi/10.3.1/../../../../arm-none-eabi/lib/thumb/v6-m/nofp\libc.a(lib_a-ctype_.o)
                              VisualGDB/Debug/_2_/ExternalRepositories/pico-sdk/lib/tinyusb/src/tusb.o (_ctype_)
c:/sysgcc/arm-eabi/bin/../lib/gcc/arm-none-eabi/10.3.1/../../../../arm-none-eabi/lib/thumb/v6-m/nofp\libc.a(lib_a-errno.o)
                              c:/sysgcc/arm-eabi/bin/../lib/gcc/arm-none-eabi/10.3.1/../../../../arm-none-eabi/lib/thumb/v6-m/nofp\libc.a(lib_a-callocr.o) (__errno)
c:/sysgcc/arm-eabi/bin/../lib/gcc/arm-none-eabi/10.3.1/../../../../arm-none-eabi/lib/thumb/v6-m/nofp\libc.a(lib_a-impure.o)
                              c:/sysgcc/arm-eabi/bin/../lib/gcc/arm-none-eabi/10.3.1/../../../../arm-none-eabi/lib/thumb/v6-m/nofp\libc.a(lib_a-calloc.o) (_impure_ptr)
c:/sysgcc/arm-eabi/bin/../lib/gcc/arm-none-eabi/10.3.1/../../../../arm-none-eabi/lib/thumb/v6-m/nofp\libc.a(lib_a-init.o)
                              c:/sysgcc/arm-eabi/bin/../lib/gcc/arm-none-eabi/10.3.1/../../../../arm-none-eabi/lib/thumb/v6-m/nofp/crt0.o (__libc_init_array)
c:/sysgcc/arm-eabi/bin/../lib/gcc/arm-none-eabi/10.3.1/../../../../arm-none-eabi/lib/thumb/v6-m/nofp\libc.a(lib_a-malloc.o)
                              VisualGDB/Debug/_2_/ExternalRepositories/pico-sdk/src/rp2_common/pico_malloc/pico_malloc.o (malloc)
c:/sysgcc/arm-eabi/bin/../lib/gcc/arm-none-eabi/10.3.1/../../../../arm-none-eabi/lib/thumb/v6-m/nofp\libc.a(lib_a-mallocr.o)
                              c:/sysgcc/arm-eabi/bin/../lib/gcc/arm-none-eabi/10.3.1/../../../../arm-none-eabi/lib/thumb/v6-m/nofp\libc.a(lib_a-callocr.o) (_malloc_r)
c:/sysgcc/arm-eabi/bin/../lib/gcc/arm-none-eabi/10.3.1/../../../../arm-none-eabi/lib/thumb/v6-m/nofp\libc.a(lib_a-mlock.o)
                              c:/sysgcc/arm-eabi/bin/../lib/gcc/arm-none-eabi/10.3.1/../../../../arm-none-eabi/lib/thumb/v6-m/nofp\libc.a(lib_a-mallocr.o) (__malloc_lock)
c:/sysgcc/arm-eabi/bin/../lib/gcc/arm-none-eabi/10.3.1/../../../../arm-none-eabi/lib/thumb/v6-m/nofp\libc.a(lib_a-realloc.o)
                              VisualGDB/Debug/_2_/ExternalRepositories/pico-sdk/src/rp2_common/pico_malloc/pico_malloc.o (realloc)
c:/sysgcc/arm-eabi/bin/../lib/gcc/arm-none-eabi/10.3.1/../../../../arm-none-eabi/lib/thumb/v6-m/nofp\libc.a(lib_a-reallocr.o)
                              c:/sysgcc/arm-eabi/bin/../lib/gcc/arm-none-eabi/10.3.1/../../../../arm-none-eabi/lib/thumb/v6-m/nofp\libc.a(lib_a-realloc.o) (_realloc_r)
c:/sysgcc/arm-eabi/bin/../lib/gcc/arm-none-eabi/10.3.1/../../../../arm-none-eabi/lib/thumb/v6-m/nofp\libc.a(lib_a-sbrkr.o)
                              c:/sysgcc/arm-eabi/bin/../lib/gcc/arm-none-eabi/10.3.1/../../../../arm-none-eabi/lib/thumb/v6-m/nofp\libc.a(lib_a-mallocr.o) (_sbrk_r)
c:/sysgcc/arm-eabi/bin/../lib/gcc/arm-none-eabi/10.3.1/../../../../arm-none-eabi/lib/thumb/v6-m/nofp\libc.a(lib_a-strlen-stub.o)
                              VisualGDB/Debug/_2_/ExternalRepositories/pico-sdk/src/rp2_common/pico_stdio/stdio.o (strlen)
c:/sysgcc/arm-eabi/bin/../lib/gcc/arm-none-eabi/10.3.1/../../../../arm-none-eabi/lib/thumb/v6-m/nofp\libc.a(lib_a-freer.o)
                              c:/sysgcc/arm-eabi/bin/../lib/gcc/arm-none-eabi/10.3.1/../../../../arm-none-eabi/lib/thumb/v6-m/nofp\libc.a(lib_a-malloc.o) (_free_r)
c:/sysgcc/arm-eabi/bin/../lib/gcc/arm-none-eabi/10.3.1/../../../../arm-none-eabi/lib/thumb/v6-m/nofp\libc.a(lib_a-lock.o)
                              c:/sysgcc/arm-eabi/bin/../lib/gcc/arm-none-eabi/10.3.1/../../../../arm-none-eabi/lib/thumb/v6-m/nofp\libc.a(lib_a-mlock.o) (__retarget_lock_acquire_recursive)
c:/sysgcc/arm-eabi/bin/../lib/gcc/arm-none-eabi/10.3.1/../../../../arm-none-eabi/lib/thumb/v6-m/nofp\libc.a(lib_a-memmove.o)
                              c:/sysgcc/arm-eabi/bin/../lib/gcc/arm-none-eabi/10.3.1/../../../../arm-none-eabi/lib/thumb/v6-m/nofp\libc.a(lib_a-reallocr.o) (memmove)
c:/sysgcc/arm-eabi/bin/../lib/gcc/arm-none-eabi/10.3.1/../../../../arm-none-eabi/lib/thumb/v6-m/nofp\libc.a(lib_a-reent.o)
[...]
Memory Configuration

Name             Origin             Length             Attributes
FLASH            0x10000000         0x00200000         xr
RAM              0x20000000         0x00040000         xrw
SCRATCH_X        0x20040000         0x00001000         xrw
SCRATCH_Y        0x20041000         0x00001000         xrw
*default*        0x00000000         0xffffffff

Linker script and memory map

LOAD c:/sysgcc/arm-eabi/bin/../lib/gcc/arm-none-eabi/10.3.1/thumb/v6-m/nofp/crti.o
LOAD c:/sysgcc/arm-eabi/bin/../lib/gcc/arm-none-eabi/10.3.1/thumb/v6-m/nofp/crtbegin.o
LOAD c:/sysgcc/arm-eabi/bin/../lib/gcc/arm-none-eabi/10.3.1/../../../../arm-none-eabi/lib/thumb/v6-m/nofp/crt0.o
START GROUP
LOAD VisualGDB/Debug/_2_/ExternalRepositories/pico-sdk/lib/tinyusb/hw/bsp/rp2040/family.o
LOAD VisualGDB/Debug/_2_/ExternalRepositories/pico-sdk/lib/tinyusb/src/class/cdc/cdc_device.o
LOAD VisualGDB/Debug/_2_/ExternalRepositories/pico-sdk/lib/tinyusb/src/class/vendor/vendor_device.o
LOAD VisualGDB/Debug/_2_/ExternalRepositories/pico-sdk/lib/tinyusb/src/common/tusb_fifo.o
LOAD VisualGDB/Debug/_2_/ExternalRepositories/pico-sdk/lib/tinyusb/src/device/usbd.o
LOAD VisualGDB/Debug/_2_/ExternalRepositories/pico-sdk/lib/tinyusb/src/device/usbd_control.o
LOAD VisualGDB/Debug/_2_/ExternalRepositories/pico-sdk/lib/tinyusb/src/portable/raspberrypi/rp2040/dcd_rp2040.o
LOAD VisualGDB/Debug/_2_/ExternalRepositories/pico-sdk/lib/tinyusb/src/portable/raspberrypi/rp2040/rp2040_usb.o
LOAD VisualGDB/Debug/_2_/ExternalRepositories/pico-sdk/lib/tinyusb/src/tusb.o
LOAD VisualGDB/Debug/_2_/ExternalRepositories/pico-sdk/src/common/pico_sync/critical_section.o
LOAD VisualGDB/Debug/_2_/ExternalRepositories/pico-sdk/src/common/pico_sync/lock_core.o
LOAD VisualGDB/Debug/_2_/ExternalRepositories/pico-sdk/src/common/pico_sync/mutex.o
LOAD VisualGDB/Debug/_2_/ExternalRepositories/pico-sdk/src/common/pico_sync/sem.o
LOAD VisualGDB/Debug/_2_/ExternalRepositories/pico-sdk/src/common/pico_time/time.o
LOAD VisualGDB/Debug/_2_/ExternalRepositories/pico-sdk/src/common/pico_time/timeout_helper.o
LOAD VisualGDB/Debug/_2_/ExternalRepositories/pico-sdk/src/common/pico_util/datetime.o
LOAD VisualGDB/Debug/_2_/ExternalRepositories/pico-sdk/src/common/pico_util/pheap.o
LOAD VisualGDB/Debug/_2_/ExternalRepositories/pico-sdk/src/common/pico_util/queue.o
LOAD VisualGDB/Debug/_2_/ExternalRepositories/pico-sdk/src/rp2_common/hardware_claim/claim.o
LOAD VisualGDB/Debug/_2_/ExternalRepositories/pico-sdk/src/rp2_common/hardware_clocks/clocks.o
LOAD VisualGDB/Debug/_2_/ExternalRepositories/pico-sdk/src/rp2_common/hardware_flash/flash.o
LOAD VisualGDB/Debug/_2_/ExternalRepositories/pico-sdk/src/rp2_common/hardware_gpio/gpio.o
LOAD VisualGDB/Debug/_2_/ExternalRepositories/pico-sdk/src/rp2_common/hardware_irq/irq.o
LOAD VisualGDB/Debug/_2_/ExternalRepositories/pico-sdk/src/rp2_common/hardware_pio/pio.o
LOAD VisualGDB/Debug/_2_/ExternalRepositories/pico-sdk/src/rp2_common/hardware_pll/pll.o
LOAD VisualGDB/Debug/_2_/ExternalRepositories/pico-sdk/src/rp2_common/hardware_sync/sync.o
LOAD VisualGDB/Debug/_2_/ExternalRepositories/pico-sdk/src/rp2_common/hardware_timer/timer.o
LOAD VisualGDB/Debug/_2_/ExternalRepositories/pico-sdk/src/rp2_common/hardware_uart/uart.o
LOAD VisualGDB/Debug/_2_/ExternalRepositories/pico-sdk/src/rp2_common/hardware_vreg/vreg.o
LOAD VisualGDB/Debug/_2_/ExternalRepositories/pico-sdk/src/rp2_common/hardware_watchdog/watchdog.o
LOAD VisualGDB/Debug/_2_/ExternalRepositories/pico-sdk/src/rp2_common/hardware_xosc/xosc.o
LOAD VisualGDB/Debug/_2_/ExternalRepositories/pico-sdk/src/rp2_common/pico_bootrom/bootrom.o
LOAD VisualGDB/Debug/_2_/ExternalRepositories/pico-sdk/src/rp2_common/pico_double/double_init_rom.o
LOAD VisualGDB/Debug/_2_/ExternalRepositories/pico-sdk/src/rp2_common/pico_double/double_math.o
LOAD VisualGDB/Debug/_2_/ExternalRepositories/pico-sdk/src/rp2_common/pico_float/float_init_rom.o
LOAD VisualGDB/Debug/_2_/ExternalRepositories/pico-sdk/src/rp2_common/pico_float/float_math.o
LOAD VisualGDB/Debug/_2_/ExternalRepositories/pico-sdk/src/rp2_common/pico_malloc/pico_malloc.o
LOAD VisualGDB/Debug/_2_/ExternalRepositories/pico-sdk/src/rp2_common/pico_platform/platform.o
LOAD VisualGDB/Debug/_2_/ExternalRepositories/pico-sdk/src/rp2_common/pico_printf/printf.o
LOAD VisualGDB/Debug/_2_/ExternalRepositories/pico-sdk/src/rp2_common/pico_runtime/runtime.o
LOAD VisualGDB/Debug/_2_/ExternalRepositories/pico-sdk/src/rp2_common/pico_standard_link/binary_info.o
LOAD VisualGDB/Debug/_2_/ExternalRepositories/pico-sdk/src/rp2_common/pico_standard_link/new_delete.o
LOAD VisualGDB/Debug/_2_/ExternalRepositories/pico-sdk/src/rp2_common/pico_stdio/stdio.o
LOAD VisualGDB/Debug/_2_/ExternalRepositories/pico-sdk/src/rp2_common/pico_stdio_uart/stdio_uart.o
LOAD VisualGDB/Debug/_2_/ExternalRepositories/pico-sdk/src/rp2_common/pico_stdlib/stdlib.o
LOAD VisualGDB/Debug/_2_/ExternalRepositories/pico-sdk/src/rp2_common/pico_unique_id/unique_id.o
LOAD VisualGDB/Debug/Local/src/cdc_uart.o
LOAD VisualGDB/Debug/Local/src/get_serial.o
LOAD VisualGDB/Debug/Local/src/led.o
LOAD VisualGDB/Debug/Local/src/main.o
LOAD VisualGDB/Debug/Local/src/probe.o
LOAD VisualGDB/Debug/Local/src/usb_descriptors.o
LOAD VisualGDB/Debug/_2_/ExternalRepositories/pico-sdk/src/rp2_common/hardware_divider/divider.o
LOAD VisualGDB/Debug/_2_/ExternalRepositories/pico-sdk/src/rp2_common/hardware_irq/irq_handler_chain.o
LOAD VisualGDB/Debug/_2_/ExternalRepositories/pico-sdk/src/rp2_common/pico_bit_ops/bit_ops_aeabi.o
LOAD VisualGDB/Debug/_2_/ExternalRepositories/pico-sdk/src/rp2_common/pico_divider/divider.o
LOAD VisualGDB/Debug/_2_/ExternalRepositories/pico-sdk/src/rp2_common/pico_double/double_aeabi.o
LOAD VisualGDB/Debug/_2_/ExternalRepositories/pico-sdk/src/rp2_common/pico_double/double_v1_rom_shim.o
LOAD VisualGDB/Debug/_2_/ExternalRepositories/pico-sdk/src/rp2_common/pico_float/float_aeabi.o
LOAD VisualGDB/Debug/_2_/ExternalRepositories/pico-sdk/src/rp2_common/pico_float/float_v1_rom_shim.o
LOAD VisualGDB/Debug/_2_/ExternalRepositories/pico-sdk/src/rp2_common/pico_int64_ops/pico_int64_ops_aeabi.o
LOAD VisualGDB/Debug/_2_/ExternalRepositories/pico-sdk/src/rp2_common/pico_mem_ops/mem_ops_aeabi.o
LOAD VisualGDB/Debug/_2_/ExternalRepositories/pico-sdk/src/rp2_common/pico_standard_link/crt0.o
LOAD VisualGDB/Debug/bs2_default_padded_checksummed.o
END GROUP
LOAD c:/sysgcc/arm-eabi/bin/../lib/gcc/arm-none-eabi/10.3.1/../../../../arm-none-eabi/lib/thumb/v6-m/nofp\libstdc++.a
LOAD c:/sysgcc/arm-eabi/bin/../lib/gcc/arm-none-eabi/10.3.1/../../../../arm-none-eabi/lib/thumb/v6-m/nofp\libm.a
START GROUP
LOAD c:/sysgcc/arm-eabi/bin/../lib/gcc/arm-none-eabi/10.3.1/thumb/v6-m/nofp\libgcc.a
LOAD c:/sysgcc/arm-eabi/bin/../lib/gcc/arm-none-eabi/10.3.1/../../../../arm-none-eabi/lib/thumb/v6-m/nofp\libc.a
END GROUP
START GROUP
LOAD c:/sysgcc/arm-eabi/bin/../lib/gcc/arm-none-eabi/10.3.1/thumb/v6-m/nofp\libgcc.a
LOAD c:/sysgcc/arm-eabi/bin/../lib/gcc/arm-none-eabi/10.3.1/../../../../arm-none-eabi/lib/thumb/v6-m/nofp\libc.a
LOAD c:/sysgcc/arm-eabi/bin/../lib/gcc/arm-none-eabi/10.3.1/../../../../arm-none-eabi/lib/thumb/v6-m/nofp\libnosys.a
END GROUP
LOAD c:/sysgcc/arm-eabi/bin/../lib/gcc/arm-none-eabi/10.3.1/thumb/v6-m/nofp/crtend.o
LOAD c:/sysgcc/arm-eabi/bin/../lib/gcc/arm-none-eabi/10.3.1/thumb/v6-m/nofp/crtn.o

.flash_begin    0x10000000        0x0
                0x10000000                __flash_binary_start = .

.boot2          0x10000000      0x100
                0x10000000                __boot2_start__ = .
 *(.boot2)
 .boot2         0x10000000      0x100 VisualGDB/Debug/bs2_default_padded_checksummed.o
                0x10000100                __boot2_end__ = .
                0x00000001                ASSERT (((__boot2_end__ - __boot2_start__) == 0x100), ERROR: Pico second stage bootloader must be 256 bytes in size)

.text           0x10000100     0xcf40
                0x10000100                __logical_binary_start = .
 *(.vectors)
 .vectors       0x10000100       0xd4 VisualGDB/Debug/_2_/ExternalRepositories/pico-sdk/src/rp2_common/pico_standard_link/crt0.o
                0x10000100                __VECTOR_TABLE
                0x10000100                __vectors
                0x100001c0                isr_invalid
                0x100001c0                __default_isrs_start
                0x100001c2                isr_nmi
                0x100001c4                isr_hardfault
                0x100001c6                isr_svcall
                0x100001c8                isr_pendsv
                0x100001ca                isr_systick
                0x100001cc                isr_irq23
                0x100001cc                isr_irq18
                0x100001cc                isr_irq11
                0x100001cc                isr_irq28
                0x100001cc                isr_irq19
                0x100001cc                isr_irq0
                0x100001cc                isr_irq6
                0x100001cc                isr_irq5
                0x100001cc                isr_irq12
                0x100001cc                isr_irq22
                0x100001cc                isr_irq31
                0x100001cc                isr_irq17
                0x100001cc                isr_irq27
                0x100001cc                isr_irq30
                0x100001cc                isr_irq2
                0x100001cc                isr_irq10
                0x100001cc                isr_irq8
                0x100001cc                isr_irq24
                0x100001cc                isr_irq1
                0x100001cc                isr_irq7
                0x100001cc                isr_irq21
                0x100001cc                isr_irq20
                0x100001cc                isr_irq15
                0x100001cc                isr_irq25
                0x100001cc                isr_irq13
                0x100001cc                __unhandled_user_irq
                0x100001cc                isr_irq4
                0x100001cc                isr_irq16
                0x100001cc                isr_irq29
                0x100001cc                isr_irq26
                0x100001cc                __default_isrs_end
                0x100001cc                isr_irq3
                0x100001cc                isr_irq14
                0x100001cc                isr_irq9
                0x100001d2                unhandled_user_irq_num_in_r0
 *(.binary_info_header)
 .binary_info_header
                0x100001d4       0x14 VisualGDB/Debug/_2_/ExternalRepositories/pico-sdk/src/rp2_common/pico_standard_link/crt0.o
                0x100001e8                __binary_info_header_end = .
 *(.reset)
 .reset         0x100001e8       0x30 VisualGDB/Debug/_2_/ExternalRepositories/pico-sdk/src/rp2_common/pico_standard_link/binary_info.o
 .reset         0x10000218       0xa8 VisualGDB/Debug/_2_/ExternalRepositories/pico-sdk/src/rp2_common/pico_standard_link/crt0.o
                0x10000218                _entry_point
                0x10000296                __get_current_exception
 *(.init)
 .init          0x100002c0        0x4 c:/sysgcc/arm-eabi/bin/../lib/gcc/arm-none-eabi/10.3.1/thumb/v6-m/nofp/crti.o
                0x100002c0                _init
 *(EXCLUDE_FILE(*libm.a: *libc.a:*lib_a-mem*.o *libgcc.a:) .text*)
 .text          0x100002c4       0x48 c:/sysgcc/arm-eabi/bin/../lib/gcc/arm-none-eabi/10.3.1/thumb/v6-m/nofp/crtbegin.o
 .text.gpio_set_dir_out_masked
                0x1000030c       0x18 VisualGDB/Debug/_2_/ExternalRepositories/pico-sdk/lib/tinyusb/hw/bsp/rp2040/family.o
 .text.gpio_set_dir_in_masked
                0x10000324       0x18 VisualGDB/Debug/_2_/ExternalRepositories/pico-sdk/lib/tinyusb/hw/bsp/rp2040/family.o
 .text.gpio_set_dir
                0x1000033c       0x3a VisualGDB/Debug/_2_/ExternalRepositories/pico-sdk/lib/tinyusb/hw/bsp/rp2040/family.o
 *fill*         0x10000376        0x2 
 .text.uart_get_instance
                0x10000378       0x24 VisualGDB/Debug/_2_/ExternalRepositories/pico-sdk/lib/tinyusb/hw/bsp/rp2040/family.o
 .text.board_init
                0x1000039c       0x38 VisualGDB/Debug/_2_/ExternalRepositories/pico-sdk/lib/tinyusb/hw/bsp/rp2040/family.o
                0x1000039c                board_init
 .text.tu_desc_next
                0x100003d4       0x1e VisualGDB/Debug/_2_/ExternalRepositories/pico-sdk/lib/tinyusb/src/class/cdc/cdc_device.o
 .text.tu_desc_type
                0x100003f2       0x16 VisualGDB/Debug/_2_/ExternalRepositories/pico-sdk/lib/tinyusb/src/class/cdc/cdc_device.o
 .text.tu_desc_len
                0x10000408       0x14 VisualGDB/Debug/_2_/ExternalRepositories/pico-sdk/lib/tinyusb/src/class/cdc/cdc_device.o
 .text.osal_mutex_create
                0x1000041c       0x1a VisualGDB/Debug/_2_/ExternalRepositories/pico-sdk/lib/tinyusb/src/class/cdc/cdc_device.o
 .text._prep_out_transaction
                0x10000436       0x9a VisualGDB/Debug/_2_/ExternalRepositories/pico-sdk/lib/tinyusb/src/class/cdc/cdc_device.o
 .text.tud_cdc_n_connected
                0x100004d0       0x88 VisualGDB/Debug/_2_/ExternalRepositories/pico-sdk/lib/tinyusb/src/class/cdc/cdc_device.o
                0x100004d0                tud_cdc_n_connected
 .text.tud_cdc_n_available
                0x10000558       0x34 VisualGDB/Debug/_2_/ExternalRepositories/pico-sdk/lib/tinyusb/src/class/cdc/cdc_device.o
                0x10000558                tud_cdc_n_available
 .text.tud_cdc_n_read
                0x1000058c       0x4c VisualGDB/Debug/_2_/ExternalRepositories/pico-sdk/lib/tinyusb/src/class/cdc/cdc_device.o
                0x1000058c                tud_cdc_n_read
 .text.tud_cdc_n_write
                0x100005d8       0x68 VisualGDB/Debug/_2_/ExternalRepositories/pico-sdk/lib/tinyusb/src/class/cdc/cdc_device.o
                0x100005d8                tud_cdc_n_write
 .text.tud_cdc_n_write_flush
                0x10000640      0x120 VisualGDB/Debug/_2_/ExternalRepositories/pico-sdk/lib/tinyusb/src/class/cdc/cdc_device.o
                0x10000640                tud_cdc_n_write_flush
 .text.cdcd_init
                0x10000760      0x110 VisualGDB/Debug/_2_/ExternalRepositories/pico-sdk/lib/tinyusb/src/class/cdc/cdc_device.o
                0x10000760                cdcd_init
 .text.cdcd_reset
                0x10000870       0x78 VisualGDB/Debug/_2_/ExternalRepositories/pico-sdk/lib/tinyusb/src/class/cdc/cdc_device.o
                0x10000870                cdcd_reset
 .text.cdcd_open
                0x100008e8      0x200 VisualGDB/Debug/_2_/ExternalRepositories/pico-sdk/lib/tinyusb/src/class/cdc/cdc_device.o
                0x100008e8                cdcd_open
 .text.cdcd_control_xfer_cb
                0x10000ae8      0x234 VisualGDB/Debug/_2_/ExternalRepositories/pico-sdk/lib/tinyusb/src/class/cdc/cdc_device.o
                0x10000ae8                cdcd_control_xfer_cb
 .text.cdcd_xfer_cb
                0x10000d1c      0x1c8 VisualGDB/Debug/_2_/ExternalRepositories/pico-sdk/lib/tinyusb/src/class/cdc/cdc_device.o
                0x10000d1c                cdcd_xfer_cb
 .text.tu_desc_next
                0x10000ee4       0x1e VisualGDB/Debug/_2_/ExternalRepositories/pico-sdk/lib/tinyusb/src/class/vendor/vendor_device.o
 .text.tu_desc_type
                0x10000f02       0x16 VisualGDB/Debug/_2_/ExternalRepositories/pico-sdk/lib/tinyusb/src/class/vendor/vendor_device.o
 .text.osal_mutex_create
                0x10000f18       0x1a VisualGDB/Debug/_2_/ExternalRepositories/pico-sdk/lib/tinyusb/src/class/vendor/vendor_device.o
 *fill*         0x10000f32        0x2 
 .text.tud_vendor_n_available
                0x10000f34       0x34 VisualGDB/Debug/_2_/ExternalRepositories/pico-sdk/lib/tinyusb/src/class/vendor/vendor_device.o
                0x10000f34                tud_vendor_n_available
 .text._prep_out_transaction
                0x10000f68       0x54 VisualGDB/Debug/_2_/ExternalRepositories/pico-sdk/lib/tinyusb/src/class/vendor/vendor_device.o
 .text.tud_vendor_n_read
                0x10000fbc       0x50 VisualGDB/Debug/_2_/ExternalRepositories/pico-sdk/lib/tinyusb/src/class/vendor/vendor_device.o
                0x10000fbc                tud_vendor_n_read
 .text.maybe_transmit
                0x1000100c       0x8c VisualGDB/Debug/_2_/ExternalRepositories/pico-sdk/lib/tinyusb/src/class/vendor/vendor_device.o
 .text.tud_vendor_n_write
                0x10001098       0x54 VisualGDB/Debug/_2_/ExternalRepositories/pico-sdk/lib/tinyusb/src/class/vendor/vendor_device.o
                0x10001098                tud_vendor_n_write
 .text.vendord_init
                0x100010ec       0xe8 VisualGDB/Debug/_2_/ExternalRepositories/pico-sdk/lib/tinyusb/src/class/vendor/vendor_device.o
                0x100010ec                vendord_init
 .text.vendord_reset
                0x100011d4       0x6c VisualGDB/Debug/_2_/ExternalRepositories/pico-sdk/lib/tinyusb/src/class/vendor/vendor_device.o
                0x100011d4                vendord_reset
 .text.vendord_open
                0x10001240      0x194 VisualGDB/Debug/_2_/ExternalRepositories/pico-sdk/lib/tinyusb/src/class/vendor/vendor_device.o
                0x10001240                vendord_open
 .text.vendord_xfer_cb
                0x100013d4       0xd8 VisualGDB/Debug/_2_/ExternalRepositories/pico-sdk/lib/tinyusb/src/class/vendor/vendor_device.o
                0x100013d4                vendord_xfer_cb
 .text.osal_mutex_lock
                0x100014ac       0x20 VisualGDB/Debug/_2_/ExternalRepositories/pico-sdk/lib/tinyusb/src/common/tusb_fifo.o
 .text.osal_mutex_unlock
                0x100014cc       0x1a VisualGDB/Debug/_2_/ExternalRepositories/pico-sdk/lib/tinyusb/src/common/tusb_fifo.o
 .text._ff_lock
                0x100014e6       0x24 VisualGDB/Debug/_2_/ExternalRepositories/pico-sdk/lib/tinyusb/src/common/tusb_fifo.o
 .text._ff_unlock
                0x1000150a       0x1e VisualGDB/Debug/_2_/ExternalRepositories/pico-sdk/lib/tinyusb/src/common/tusb_fifo.o
 .text.tu_fifo_config
                0x10001528       0xa2 VisualGDB/Debug/_2_/ExternalRepositories/pico-sdk/lib/tinyusb/src/common/tusb_fifo.o
                0x10001528                tu_fifo_config
 .text._ff_mod  0x100015ca       0x3a VisualGDB/Debug/_2_/ExternalRepositories/pico-sdk/lib/tinyusb/src/common/tusb_fifo.o
 .text._ff_push_const_addr
                0x10001604       0xd0 VisualGDB/Debug/_2_/ExternalRepositories/pico-sdk/lib/tinyusb/src/common/tusb_fifo.o
 .text._ff_pull_const_addr
                0x100016d4       0x96 VisualGDB/Debug/_2_/ExternalRepositories/pico-sdk/lib/tinyusb/src/common/tusb_fifo.o
 .text._ff_push
                0x1000176a       0x34 VisualGDB/Debug/_2_/ExternalRepositories/pico-sdk/lib/tinyusb/src/common/tusb_fifo.o
 .text._ff_push_n
                0x1000179e      0x206 VisualGDB/Debug/_2_/ExternalRepositories/pico-sdk/lib/tinyusb/src/common/tusb_fifo.o
 .text._ff_pull
                0x100019a4       0x34 VisualGDB/Debug/_2_/ExternalRepositories/pico-sdk/lib/tinyusb/src/common/tusb_fifo.o
 .text._ff_pull_n
                0x100019d8      0x20a VisualGDB/Debug/_2_/ExternalRepositories/pico-sdk/lib/tinyusb/src/common/tusb_fifo.o
 .text.advance_pointer
                0x10001be2       0x72 VisualGDB/Debug/_2_/ExternalRepositories/pico-sdk/lib/tinyusb/src/common/tusb_fifo.o
 .text.backward_pointer
                0x10001c54       0x6a VisualGDB/Debug/_2_/ExternalRepositories/pico-sdk/lib/tinyusb/src/common/tusb_fifo.o
 .text.get_relative_pointer
                0x10001cbe       0x28 VisualGDB/Debug/_2_/ExternalRepositories/pico-sdk/lib/tinyusb/src/common/tusb_fifo.o
 .text._tu_fifo_count
                0x10001ce6       0x50 VisualGDB/Debug/_2_/ExternalRepositories/pico-sdk/lib/tinyusb/src/common/tusb_fifo.o
 .text._tu_fifo_empty
                0x10001d36       0x2a VisualGDB/Debug/_2_/ExternalRepositories/pico-sdk/lib/tinyusb/src/common/tusb_fifo.o
 .text._tu_fifo_full
                0x10001d60       0x40 VisualGDB/Debug/_2_/ExternalRepositories/pico-sdk/lib/tinyusb/src/common/tusb_fifo.o
 .text._tu_fifo_correct_read_pointer
                0x10001da0       0x2e VisualGDB/Debug/_2_/ExternalRepositories/pico-sdk/lib/tinyusb/src/common/tusb_fifo.o
 .text._tu_fifo_peek
                0x10001dce       0x8c VisualGDB/Debug/_2_/ExternalRepositories/pico-sdk/lib/tinyusb/src/common/tusb_fifo.o
 .text._tu_fifo_peek_n
                0x10001e5a       0xca VisualGDB/Debug/_2_/ExternalRepositories/pico-sdk/lib/tinyusb/src/common/tusb_fifo.o
 .text._tu_fifo_remaining
                0x10001f24       0x3a VisualGDB/Debug/_2_/ExternalRepositories/pico-sdk/lib/tinyusb/src/common/tusb_fifo.o
 .text._tu_fifo_write_n
                0x10001f5e      0x128 VisualGDB/Debug/_2_/ExternalRepositories/pico-sdk/lib/tinyusb/src/common/tusb_fifo.o
 .text._tu_fifo_read_n
                0x10002086       0x7a VisualGDB/Debug/_2_/ExternalRepositories/pico-sdk/lib/tinyusb/src/common/tusb_fifo.o
 .text.tu_fifo_count
                0x10002100       0x4c VisualGDB/Debug/_2_/ExternalRepositories/pico-sdk/lib/tinyusb/src/common/tusb_fifo.o
                0x10002100                tu_fifo_count
 .text.tu_fifo_empty
                0x1000214c       0x26 VisualGDB/Debug/_2_/ExternalRepositories/pico-sdk/lib/tinyusb/src/common/tusb_fifo.o
                0x1000214c                tu_fifo_empty
 .text.tu_fifo_remaining
                0x10002172       0x26 VisualGDB/Debug/_2_/ExternalRepositories/pico-sdk/lib/tinyusb/src/common/tusb_fifo.o
                0x10002172                tu_fifo_remaining
 .text.tu_fifo_read
                0x10002198       0x64 VisualGDB/Debug/_2_/ExternalRepositories/pico-sdk/lib/tinyusb/src/common/tusb_fifo.o
                0x10002198                tu_fifo_read
 .text.tu_fifo_read_n
                0x100021fc       0x26 VisualGDB/Debug/_2_/ExternalRepositories/pico-sdk/lib/tinyusb/src/common/tusb_fifo.o
                0x100021fc                tu_fifo_read_n
 .text.tu_fifo_write
                0x10002222       0x96 VisualGDB/Debug/_2_/ExternalRepositories/pico-sdk/lib/tinyusb/src/common/tusb_fifo.o
                0x10002222                tu_fifo_write
 .text.tu_fifo_write_n
                0x100022b8       0x26 VisualGDB/Debug/_2_/ExternalRepositories/pico-sdk/lib/tinyusb/src/common/tusb_fifo.o
                0x100022b8                tu_fifo_write_n
 .text.tu_fifo_clear
                0x100022de       0x64 VisualGDB/Debug/_2_/ExternalRepositories/pico-sdk/lib/tinyusb/src/common/tusb_fifo.o
                0x100022de                tu_fifo_clear
 .text.tu_fifo_set_overwritable
                0x10002342       0x48 VisualGDB/Debug/_2_/ExternalRepositories/pico-sdk/lib/tinyusb/src/common/tusb_fifo.o
                0x10002342                tu_fifo_set_overwritable
 .text.tu_edpt_dir
                0x1000238a       0x1c VisualGDB/Debug/_2_/ExternalRepositories/pico-sdk/lib/tinyusb/src/device/usbd.o
 .text.tu_edpt_number
                0x100023a6       0x1e VisualGDB/Debug/_2_/ExternalRepositories/pico-sdk/lib/tinyusb/src/device/usbd.o
 .text.tu_desc_next
                0x100023c4       0x1e VisualGDB/Debug/_2_/ExternalRepositories/pico-sdk/lib/tinyusb/src/device/usbd.o
 .text.tu_desc_type
                0x100023e2       0x16 VisualGDB/Debug/_2_/ExternalRepositories/pico-sdk/lib/tinyusb/src/device/usbd.o
 .text.critical_section_enter_blocking
                0x100023f8       0x46 VisualGDB/Debug/_2_/ExternalRepositories/pico-sdk/lib/tinyusb/src/device/usbd.o
 .text.critical_section_exit
                0x1000243e       0x3e VisualGDB/Debug/_2_/ExternalRepositories/pico-sdk/lib/tinyusb/src/device/usbd.o
 .text.osal_mutex_create
                0x1000247c       0x1a VisualGDB/Debug/_2_/ExternalRepositories/pico-sdk/lib/tinyusb/src/device/usbd.o
 .text.osal_mutex_lock
                0x10002496       0x20 VisualGDB/Debug/_2_/ExternalRepositories/pico-sdk/lib/tinyusb/src/device/usbd.o
 .text.osal_mutex_unlock
                0x100024b6       0x1a VisualGDB/Debug/_2_/ExternalRepositories/pico-sdk/lib/tinyusb/src/device/usbd.o
 .text._osal_q_lock
                0x100024d0       0x1a VisualGDB/Debug/_2_/ExternalRepositories/pico-sdk/lib/tinyusb/src/device/usbd.o
 .text._osal_q_unlock
                0x100024ea       0x1a VisualGDB/Debug/_2_/ExternalRepositories/pico-sdk/lib/tinyusb/src/device/usbd.o
 .text.osal_queue_create
                0x10002504       0x24 VisualGDB/Debug/_2_/ExternalRepositories/pico-sdk/lib/tinyusb/src/device/usbd.o
 .text.osal_queue_receive
                0x10002528       0x3a VisualGDB/Debug/_2_/ExternalRepositories/pico-sdk/lib/tinyusb/src/device/usbd.o
 *fill*         0x10002562        0x2 
 .text.osal_queue_send
                0x10002564       0x68 VisualGDB/Debug/_2_/ExternalRepositories/pico-sdk/lib/tinyusb/src/device/usbd.o
 .text.get_driver
                0x100025cc       0x74 VisualGDB/Debug/_2_/ExternalRepositories/pico-sdk/lib/tinyusb/src/device/usbd.o
 .text.tud_mounted
                0x10002640       0x1c VisualGDB/Debug/_2_/ExternalRepositories/pico-sdk/lib/tinyusb/src/device/usbd.o
                0x10002640                tud_mounted
 .text.tud_suspended
                0x1000265c       0x20 VisualGDB/Debug/_2_/ExternalRepositories/pico-sdk/lib/tinyusb/src/device/usbd.o
                0x1000265c                tud_suspended
 .text.tud_inited
                0x1000267c       0x14 VisualGDB/Debug/_2_/ExternalRepositories/pico-sdk/lib/tinyusb/src/device/usbd.o
                0x1000267c                tud_inited
 .text.tud_init
                0x10002690      0x118 VisualGDB/Debug/_2_/ExternalRepositories/pico-sdk/lib/tinyusb/src/device/usbd.o
                0x10002690                tud_init
 .text.configuration_reset
                0x100027a8       0x84 VisualGDB/Debug/_2_/ExternalRepositories/pico-sdk/lib/tinyusb/src/device/usbd.o
 .text.usbd_reset
                0x1000282c       0x22 VisualGDB/Debug/_2_/ExternalRepositories/pico-sdk/lib/tinyusb/src/device/usbd.o
 *fill*         0x1000284e        0x2 
 .text.tud_task
                0x10002850      0x2bc VisualGDB/Debug/_2_/ExternalRepositories/pico-sdk/lib/tinyusb/src/device/usbd.o
                0x10002850                tud_task
 .text.invoke_class_control
                0x10002b0c       0x36 VisualGDB/Debug/_2_/ExternalRepositories/pico-sdk/lib/tinyusb/src/device/usbd.o
 *fill*         0x10002b42        0x2 
 .text.process_control_request
                0x10002b44      0x528 VisualGDB/Debug/_2_/ExternalRepositories/pico-sdk/lib/tinyusb/src/device/usbd.o
 .text.process_set_config
                0x1000306c      0x278 VisualGDB/Debug/_2_/ExternalRepositories/pico-sdk/lib/tinyusb/src/device/usbd.o
 .text.process_get_descriptor
                0x100032e4      0x1e4 VisualGDB/Debug/_2_/ExternalRepositories/pico-sdk/lib/tinyusb/src/device/usbd.o
 .text.dcd_event_handler
                0x100034c8      0x12c VisualGDB/Debug/_2_/ExternalRepositories/pico-sdk/lib/tinyusb/src/device/usbd.o
                0x100034c8                dcd_event_handler
 .text.dcd_event_bus_signal
                0x100035f4       0x56 VisualGDB/Debug/_2_/ExternalRepositories/pico-sdk/lib/tinyusb/src/device/usbd.o
                0x100035f4                dcd_event_bus_signal
 .text.dcd_event_bus_reset
                0x1000364a       0x5c VisualGDB/Debug/_2_/ExternalRepositories/pico-sdk/lib/tinyusb/src/device/usbd.o
                0x1000364a                dcd_event_bus_reset
 .text.dcd_event_setup_received
                0x100036a6       0x5a VisualGDB/Debug/_2_/ExternalRepositories/pico-sdk/lib/tinyusb/src/device/usbd.o
                0x100036a6                dcd_event_setup_received
 .text.dcd_event_xfer_complete
                0x10003700       0x6e VisualGDB/Debug/_2_/ExternalRepositories/pico-sdk/lib/tinyusb/src/device/usbd.o
                0x10003700                dcd_event_xfer_complete
 *fill*         0x1000376e        0x2 
 .text.usbd_open_edpt_pair
                0x10003770       0xdc VisualGDB/Debug/_2_/ExternalRepositories/pico-sdk/lib/tinyusb/src/device/usbd.o
                0x10003770                usbd_open_edpt_pair
 .text.usbd_edpt_open
                0x1000384c       0x88 VisualGDB/Debug/_2_/ExternalRepositories/pico-sdk/lib/tinyusb/src/device/usbd.o
                0x1000384c                usbd_edpt_open
 .text.usbd_edpt_claim
                0x100038d4      0x13c VisualGDB/Debug/_2_/ExternalRepositories/pico-sdk/lib/tinyusb/src/device/usbd.o
                0x100038d4                usbd_edpt_claim
 .text.usbd_edpt_release
                0x10003a10       0xec VisualGDB/Debug/_2_/ExternalRepositories/pico-sdk/lib/tinyusb/src/device/usbd.o
                0x10003a10                usbd_edpt_release
 .text.usbd_edpt_xfer
                0x10003afc      0x108 VisualGDB/Debug/_2_/ExternalRepositories/pico-sdk/lib/tinyusb/src/device/usbd.o
                0x10003afc                usbd_edpt_xfer
 .text.usbd_edpt_busy
                0x10003c04       0x60 VisualGDB/Debug/_2_/ExternalRepositories/pico-sdk/lib/tinyusb/src/device/usbd.o
                0x10003c04                usbd_edpt_busy
 .text.usbd_edpt_stall
                0x10003c64       0xb4 VisualGDB/Debug/_2_/ExternalRepositories/pico-sdk/lib/tinyusb/src/device/usbd.o
                0x10003c64                usbd_edpt_stall
 .text.usbd_edpt_clear_stall
                0x10003d18       0xb0 VisualGDB/Debug/_2_/ExternalRepositories/pico-sdk/lib/tinyusb/src/device/usbd.o
                0x10003d18                usbd_edpt_clear_stall
 .text.usbd_edpt_stalled
                0x10003dc8       0x60 VisualGDB/Debug/_2_/ExternalRepositories/pico-sdk/lib/tinyusb/src/device/usbd.o
                0x10003dc8                usbd_edpt_stalled
 .text.tu_edpt_dir
                0x10003e28       0x1c VisualGDB/Debug/_2_/ExternalRepositories/pico-sdk/lib/tinyusb/src/device/usbd_control.o
 .text._status_stage_xact
                0x10003e44       0x42 VisualGDB/Debug/_2_/ExternalRepositories/pico-sdk/lib/tinyusb/src/device/usbd_control.o
 *fill*         0x10003e86        0x2 
 .text.tud_control_status
                0x10003e88       0x4c VisualGDB/Debug/_2_/ExternalRepositories/pico-sdk/lib/tinyusb/src/device/usbd_control.o
                0x10003e88                tud_control_status
 .text._data_stage_xact
                0x10003ed4       0xb0 VisualGDB/Debug/_2_/ExternalRepositories/pico-sdk/lib/tinyusb/src/device/usbd_control.o
 .text.tud_control_xfer
                0x10003f84      0x10c VisualGDB/Debug/_2_/ExternalRepositories/pico-sdk/lib/tinyusb/src/device/usbd_control.o
                0x10003f84                tud_control_xfer
 .text.usbd_control_reset
                0x10004090       0x1c VisualGDB/Debug/_2_/ExternalRepositories/pico-sdk/lib/tinyusb/src/device/usbd_control.o
                0x10004090                usbd_control_reset
 .text.usbd_control_set_complete_callback
                0x100040ac       0x1c VisualGDB/Debug/_2_/ExternalRepositories/pico-sdk/lib/tinyusb/src/device/usbd_control.o
                0x100040ac                usbd_control_set_complete_callback
 .text.usbd_control_set_request
                0x100040c8       0x38 VisualGDB/Debug/_2_/ExternalRepositories/pico-sdk/lib/tinyusb/src/device/usbd_control.o
                0x100040c8                usbd_control_set_request
 .text.usbd_control_xfer_cb
                0x10004100      0x198 VisualGDB/Debug/_2_/ExternalRepositories/pico-sdk/lib/tinyusb/src/device/usbd_control.o
                0x10004100                usbd_control_xfer_cb
 .text.tu_edpt_dir
                0x10004298       0x1c VisualGDB/Debug/_2_/ExternalRepositories/pico-sdk/lib/tinyusb/src/portable/raspberrypi/rp2040/dcd_rp2040.o
 .text.tu_edpt_number
                0x100042b4       0x1e VisualGDB/Debug/_2_/ExternalRepositories/pico-sdk/lib/tinyusb/src/portable/raspberrypi/rp2040/dcd_rp2040.o
 .text._hw_endpoint_buffer_control_set_value32
                0x100042d2       0x1c VisualGDB/Debug/_2_/ExternalRepositories/pico-sdk/lib/tinyusb/src/portable/raspberrypi/rp2040/dcd_rp2040.o
 .text._hw_endpoint_buffer_control_clear_mask32
                0x100042ee       0x1e VisualGDB/Debug/_2_/ExternalRepositories/pico-sdk/lib/tinyusb/src/portable/raspberrypi/rp2040/dcd_rp2040.o
 .text.hw_data_offset
                0x1000430c       0x1c VisualGDB/Debug/_2_/ExternalRepositories/pico-sdk/lib/tinyusb/src/portable/raspberrypi/rp2040/dcd_rp2040.o
 .text.hw_endpoint_get_by_num
                0x10004328       0x30 VisualGDB/Debug/_2_/ExternalRepositories/pico-sdk/lib/tinyusb/src/portable/raspberrypi/rp2040/dcd_rp2040.o
 .text.hw_endpoint_get_by_addr
                0x10004358       0x4a VisualGDB/Debug/_2_/ExternalRepositories/pico-sdk/lib/tinyusb/src/portable/raspberrypi/rp2040/dcd_rp2040.o
 *fill*         0x100043a2        0x2 
 .text._hw_endpoint_alloc
                0x100043a4       0xcc VisualGDB/Debug/_2_/ExternalRepositories/pico-sdk/lib/tinyusb/src/portable/raspberrypi/rp2040/dcd_rp2040.o
 .text.hw_endpoint_init
                0x10004470      0x11c VisualGDB/Debug/_2_/ExternalRepositories/pico-sdk/lib/tinyusb/src/portable/raspberrypi/rp2040/dcd_rp2040.o
 .text.hw_endpoint_xfer
                0x1000458c       0x3a VisualGDB/Debug/_2_/ExternalRepositories/pico-sdk/lib/tinyusb/src/portable/raspberrypi/rp2040/dcd_rp2040.o
 *fill*         0x100045c6        0x2 
 .text.hw_handle_buff_status
                0x100045c8       0xbc VisualGDB/Debug/_2_/ExternalRepositories/pico-sdk/lib/tinyusb/src/portable/raspberrypi/rp2040/dcd_rp2040.o
 .text.reset_ep0_pid
                0x10004684       0x44 VisualGDB/Debug/_2_/ExternalRepositories/pico-sdk/lib/tinyusb/src/portable/raspberrypi/rp2040/dcd_rp2040.o
 .text.reset_non_control_endpoints
                0x100046c8       0x6c VisualGDB/Debug/_2_/ExternalRepositories/pico-sdk/lib/tinyusb/src/portable/raspberrypi/rp2040/dcd_rp2040.o
 .text.dcd_rp2040_irq
                0x10004734      0x100 VisualGDB/Debug/_2_/ExternalRepositories/pico-sdk/lib/tinyusb/src/portable/raspberrypi/rp2040/dcd_rp2040.o
 .text.dcd_init
                0x10004834       0xa0 VisualGDB/Debug/_2_/ExternalRepositories/pico-sdk/lib/tinyusb/src/portable/raspberrypi/rp2040/dcd_rp2040.o
                0x10004834                dcd_init
 .text.dcd_int_enable
                0x100048d4       0x40 VisualGDB/Debug/_2_/ExternalRepositories/pico-sdk/lib/tinyusb/src/portable/raspberrypi/rp2040/dcd_rp2040.o
                0x100048d4                dcd_int_enable
 .text.dcd_set_address
                0x10004914       0x48 VisualGDB/Debug/_2_/ExternalRepositories/pico-sdk/lib/tinyusb/src/portable/raspberrypi/rp2040/dcd_rp2040.o
                0x10004914                dcd_set_address
 .text.dcd_connect
                0x1000495c       0x20 VisualGDB/Debug/_2_/ExternalRepositories/pico-sdk/lib/tinyusb/src/portable/raspberrypi/rp2040/dcd_rp2040.o
                0x1000495c                dcd_connect
 .text.dcd_edpt0_status_complete
                0x1000497c       0x50 VisualGDB/Debug/_2_/ExternalRepositories/pico-sdk/lib/tinyusb/src/portable/raspberrypi/rp2040/dcd_rp2040.o
                0x1000497c                dcd_edpt0_status_complete
 .text.dcd_edpt_open
                0x100049cc       0x60 VisualGDB/Debug/_2_/ExternalRepositories/pico-sdk/lib/tinyusb/src/portable/raspberrypi/rp2040/dcd_rp2040.o
                0x100049cc                dcd_edpt_open
 .text.dcd_edpt_close_all
                0x10004a2c       0x18 VisualGDB/Debug/_2_/ExternalRepositories/pico-sdk/lib/tinyusb/src/portable/raspberrypi/rp2040/dcd_rp2040.o
                0x10004a2c                dcd_edpt_close_all
 .text.dcd_edpt_xfer
                0x10004a44       0x5c VisualGDB/Debug/_2_/ExternalRepositories/pico-sdk/lib/tinyusb/src/portable/raspberrypi/rp2040/dcd_rp2040.o
                0x10004a44                dcd_edpt_xfer
 .text.dcd_edpt_stall
                0x10004aa0       0x64 VisualGDB/Debug/_2_/ExternalRepositories/pico-sdk/lib/tinyusb/src/portable/raspberrypi/rp2040/dcd_rp2040.o
                0x10004aa0                dcd_edpt_stall
 .text.dcd_edpt_clear_stall
                0x10004b04       0x4a VisualGDB/Debug/_2_/ExternalRepositories/pico-sdk/lib/tinyusb/src/portable/raspberrypi/rp2040/dcd_rp2040.o
                0x10004b04                dcd_edpt_clear_stall
 .text.tu_edpt_dir
                0x10004b4e       0x1c VisualGDB/Debug/_2_/ExternalRepositories/pico-sdk/lib/tinyusb/src/portable/raspberrypi/rp2040/rp2040_usb.o
 .text.tu_edpt_number
                0x10004b6a       0x1e VisualGDB/Debug/_2_/ExternalRepositories/pico-sdk/lib/tinyusb/src/portable/raspberrypi/rp2040/rp2040_usb.o
 .text.reset_block
                0x10004b88       0x2c VisualGDB/Debug/_2_/ExternalRepositories/pico-sdk/lib/tinyusb/src/portable/raspberrypi/rp2040/rp2040_usb.o
 .text.unreset_block_wait
                0x10004bb4       0x3c VisualGDB/Debug/_2_/ExternalRepositories/pico-sdk/lib/tinyusb/src/portable/raspberrypi/rp2040/rp2040_usb.o
 .text._hw_endpoint_buffer_control_get_value32
                0x10004bf0       0x16 VisualGDB/Debug/_2_/ExternalRepositories/pico-sdk/lib/tinyusb/src/portable/raspberrypi/rp2040/rp2040_usb.o
 .text._hw_endpoint_buffer_control_set_value32
                0x10004c06       0x1c VisualGDB/Debug/_2_/ExternalRepositories/pico-sdk/lib/tinyusb/src/portable/raspberrypi/rp2040/rp2040_usb.o
 .text._hw_endpoint_lock_update
                0x10004c22       0x12 VisualGDB/Debug/_2_/ExternalRepositories/pico-sdk/lib/tinyusb/src/portable/raspberrypi/rp2040/rp2040_usb.o
 .text.rp2040_usb_init
                0x10004c34       0x48 VisualGDB/Debug/_2_/ExternalRepositories/pico-sdk/lib/tinyusb/src/portable/raspberrypi/rp2040/rp2040_usb.o
                0x10004c34                rp2040_usb_init
 .text.hw_endpoint_reset_transfer
                0x10004c7c       0x28 VisualGDB/Debug/_2_/ExternalRepositories/pico-sdk/lib/tinyusb/src/portable/raspberrypi/rp2040/rp2040_usb.o
                0x10004c7c                hw_endpoint_reset_transfer
 .text._hw_endpoint_buffer_control_update32
                0x10004ca4       0xa8 VisualGDB/Debug/_2_/ExternalRepositories/pico-sdk/lib/tinyusb/src/portable/raspberrypi/rp2040/rp2040_usb.o
                0x10004ca4                _hw_endpoint_buffer_control_update32
 .text.prepare_ep_buffer
                0x10004d4c       0xea VisualGDB/Debug/_2_/ExternalRepositories/pico-sdk/lib/tinyusb/src/portable/raspberrypi/rp2040/rp2040_usb.o
 *fill*         0x10004e36        0x2 
 .text._hw_endpoint_start_next_buffer
                0x10004e38       0xc8 VisualGDB/Debug/_2_/ExternalRepositories/pico-sdk/lib/tinyusb/src/portable/raspberrypi/rp2040/rp2040_usb.o
 .text.hw_endpoint_xfer_start
                0x10004f00       0x94 VisualGDB/Debug/_2_/ExternalRepositories/pico-sdk/lib/tinyusb/src/portable/raspberrypi/rp2040/rp2040_usb.o
                0x10004f00                hw_endpoint_xfer_start
 .text.sync_ep_buffer
                0x10004f94       0xf4 VisualGDB/Debug/_2_/ExternalRepositories/pico-sdk/lib/tinyusb/src/portable/raspberrypi/rp2040/rp2040_usb.o
 .text._hw_endpoint_xfer_sync
                0x10005088       0x52 VisualGDB/Debug/_2_/ExternalRepositories/pico-sdk/lib/tinyusb/src/portable/raspberrypi/rp2040/rp2040_usb.o
 *fill*         0x100050da        0x2 
 .text.hw_endpoint_xfer_continue
                0x100050dc       0x84 VisualGDB/Debug/_2_/ExternalRepositories/pico-sdk/lib/tinyusb/src/portable/raspberrypi/rp2040/rp2040_usb.o
                0x100050dc                hw_endpoint_xfer_continue
 .text.tu_edpt_dir
                0x10005160       0x1c VisualGDB/Debug/_2_/ExternalRepositories/pico-sdk/lib/tinyusb/src/tusb.o
 .text.tu_edpt_number
                0x1000517c       0x1e VisualGDB/Debug/_2_/ExternalRepositories/pico-sdk/lib/tinyusb/src/tusb.o
 .text.tu_desc_next
                0x1000519a       0x1e VisualGDB/Debug/_2_/ExternalRepositories/pico-sdk/lib/tinyusb/src/tusb.o
 .text.tu_desc_type
                0x100051b8       0x16 VisualGDB/Debug/_2_/ExternalRepositories/pico-sdk/lib/tinyusb/src/tusb.o
 .text.tu_desc_len
                0x100051ce       0x14 VisualGDB/Debug/_2_/ExternalRepositories/pico-sdk/lib/tinyusb/src/tusb.o
 *fill*         0x100051e2        0x2 
 .text.tusb_init
                0x100051e4       0x38 VisualGDB/Debug/_2_/ExternalRepositories/pico-sdk/lib/tinyusb/src/tusb.o
                0x100051e4                tusb_init
 .text.tusb_inited
                0x1000521c       0x3a VisualGDB/Debug/_2_/ExternalRepositories/pico-sdk/lib/tinyusb/src/tusb.o
                0x1000521c                tusb_inited
 *fill*         0x10005256        0x2 
 .text.tu_edpt_validate
                0x10005258      0x10c VisualGDB/Debug/_2_/ExternalRepositories/pico-sdk/lib/tinyusb/src/tusb.o
                0x10005258                tu_edpt_validate
 .text.tu_edpt_bind_driver
                0x10005364       0x9e VisualGDB/Debug/_2_/ExternalRepositories/pico-sdk/lib/tinyusb/src/tusb.o
                0x10005364                tu_edpt_bind_driver
 .text.critical_section_init
                0x10005402       0x24 VisualGDB/Debug/_2_/ExternalRepositories/pico-sdk/src/common/pico_sync/critical_section.o
                0x10005402                critical_section_init
 *fill*         0x10005426        0x2 
 .text.critical_section_init_with_lock_num
                0x10005428       0x34 VisualGDB/Debug/_2_/ExternalRepositories/pico-sdk/src/common/pico_sync/critical_section.o
                0x10005428                critical_section_init_with_lock_num
 .text.lock_init
                0x1000545c       0x2c VisualGDB/Debug/_2_/ExternalRepositories/pico-sdk/src/common/pico_sync/lock_core.o
                0x1000545c                lock_init
 .text.to_us_since_boot
                0x10005488       0x18 VisualGDB/Debug/_2_/ExternalRepositories/pico-sdk/src/common/pico_sync/mutex.o
 .text.update_us_since_boot
                0x100054a0       0x40 VisualGDB/Debug/_2_/ExternalRepositories/pico-sdk/src/common/pico_sync/mutex.o
 .text.get_absolute_time
                0x100054e0       0x2c VisualGDB/Debug/_2_/ExternalRepositories/pico-sdk/src/common/pico_sync/mutex.o
 .text.delayed_by_ms
                0x1000550c       0x8c VisualGDB/Debug/_2_/ExternalRepositories/pico-sdk/src/common/pico_sync/mutex.o
 .text.make_timeout_time_ms
                0x10005598       0x2a VisualGDB/Debug/_2_/ExternalRepositories/pico-sdk/src/common/pico_sync/mutex.o
 .text.mutex_init
                0x100055c2       0x2e VisualGDB/Debug/_2_/ExternalRepositories/pico-sdk/src/common/pico_sync/mutex.o
                0x100055c2                mutex_init
 .text.recursive_mutex_init
                0x100055f0       0x34 VisualGDB/Debug/_2_/ExternalRepositories/pico-sdk/src/common/pico_sync/mutex.o
                0x100055f0                recursive_mutex_init
 .text.to_us_since_boot
                0x10005624       0x18 VisualGDB/Debug/_2_/ExternalRepositories/pico-sdk/src/common/pico_time/time.o
 .text.update_us_since_boot
                0x1000563c       0x40 VisualGDB/Debug/_2_/ExternalRepositories/pico-sdk/src/common/pico_time/time.o
 .text.time_reached
                0x1000567c       0x64 VisualGDB/Debug/_2_/ExternalRepositories/pico-sdk/src/common/pico_time/time.o
 .text.get_absolute_time
                0x100056e0       0x2c VisualGDB/Debug/_2_/ExternalRepositories/pico-sdk/src/common/pico_time/time.o
 .text.delayed_by_us
                0x1000570c       0x72 VisualGDB/Debug/_2_/ExternalRepositories/pico-sdk/src/common/pico_time/time.o
 .text.absolute_time_diff_us
                0x1000577e       0x40 VisualGDB/Debug/_2_/ExternalRepositories/pico-sdk/src/common/pico_time/time.o
 .text.add_alarm_at
                0x100057be       0x34 VisualGDB/Debug/_2_/ExternalRepositories/pico-sdk/src/common/pico_time/time.o
 .text.cancel_alarm
                0x100057f2       0x22 VisualGDB/Debug/_2_/ExternalRepositories/pico-sdk/src/common/pico_time/time.o
 .text.ph_get_node
                0x10005814       0x54 VisualGDB/Debug/_2_/ExternalRepositories/pico-sdk/src/common/pico_time/time.o
 .text.ph_add_child_node
                0x10005868       0xc4 VisualGDB/Debug/_2_/ExternalRepositories/pico-sdk/src/common/pico_time/time.o
 .text.ph_merge_nodes
                0x1000592c       0x7e VisualGDB/Debug/_2_/ExternalRepositories/pico-sdk/src/common/pico_time/time.o
 .text.ph_new_node
                0x100059aa       0x6a VisualGDB/Debug/_2_/ExternalRepositories/pico-sdk/src/common/pico_time/time.o
 .text.ph_insert_node
                0x10005a14       0x7c VisualGDB/Debug/_2_/ExternalRepositories/pico-sdk/src/common/pico_time/time.o
 .text.ph_peek_head
                0x10005a90       0x14 VisualGDB/Debug/_2_/ExternalRepositories/pico-sdk/src/common/pico_time/time.o
 .text.ph_contains_node
                0x10005aa4       0x46 VisualGDB/Debug/_2_/ExternalRepositories/pico-sdk/src/common/pico_time/time.o
 *fill*         0x10005aea        0x2 
 .text.ph_free_node
                0x10005aec       0x70 VisualGDB/Debug/_2_/ExternalRepositories/pico-sdk/src/common/pico_time/time.o
 .text.default_alarm_pool_initialized
                0x10005b5c       0x18 VisualGDB/Debug/_2_/ExternalRepositories/pico-sdk/src/common/pico_time/time.o
 .text.get_entry
                0x10005b74       0x5c VisualGDB/Debug/_2_/ExternalRepositories/pico-sdk/src/common/pico_time/time.o
 .text.get_entry_id_high
                0x10005bd0       0x50 VisualGDB/Debug/_2_/ExternalRepositories/pico-sdk/src/common/pico_time/time.o
 .text.timer_pool_entry_comparator
                0x10005c20       0x76 VisualGDB/Debug/_2_/ExternalRepositories/pico-sdk/src/common/pico_time/time.o
                0x10005c20                timer_pool_entry_comparator
 .text.make_public_id
                0x10005c96       0x26 VisualGDB/Debug/_2_/ExternalRepositories/pico-sdk/src/common/pico_time/time.o
 .text.alarm_pool_init_default
                0x10005cbc       0x4c VisualGDB/Debug/_2_/ExternalRepositories/pico-sdk/src/common/pico_time/time.o
                0x10005cbc                alarm_pool_init_default
 .text.alarm_pool_get_default
                0x10005d08       0x30 VisualGDB/Debug/_2_/ExternalRepositories/pico-sdk/src/common/pico_time/time.o
                0x10005d08                alarm_pool_get_default
 .text.add_alarm_under_lock
                0x10005d38      0x128 VisualGDB/Debug/_2_/ExternalRepositories/pico-sdk/src/common/pico_time/time.o
 .text.alarm_pool_alarm_callback
                0x10005e60      0x414 VisualGDB/Debug/_2_/ExternalRepositories/pico-sdk/src/common/pico_time/time.o
 .text.alarm_pool_post_alloc_init
                0x10006274       0x64 VisualGDB/Debug/_2_/ExternalRepositories/pico-sdk/src/common/pico_time/time.o
 .text.alarm_pool_add_alarm_at
                0x100062d8      0x192 VisualGDB/Debug/_2_/ExternalRepositories/pico-sdk/src/common/pico_time/time.o
                0x100062d8                alarm_pool_add_alarm_at
 *fill*         0x1000646a        0x2 
 .text.alarm_pool_cancel_alarm
                0x1000646c      0x128 VisualGDB/Debug/_2_/ExternalRepositories/pico-sdk/src/common/pico_time/time.o
                0x1000646c                alarm_pool_cancel_alarm
 .text.sleep_until_callback
                0x10006594       0x80 VisualGDB/Debug/_2_/ExternalRepositories/pico-sdk/src/common/pico_time/time.o
 .text.best_effort_wfe_or_timeout
                0x10006614       0x5c VisualGDB/Debug/_2_/ExternalRepositories/pico-sdk/src/common/pico_time/time.o
                0x10006614                best_effort_wfe_or_timeout
 .text.ph_get_node
                0x10006670       0x54 VisualGDB/Debug/_2_/ExternalRepositories/pico-sdk/src/common/pico_util/pheap.o
 .text.ph_add_child_node
                0x100066c4       0xc4 VisualGDB/Debug/_2_/ExternalRepositories/pico-sdk/src/common/pico_util/pheap.o
 .text.ph_merge_nodes
                0x10006788       0x7e VisualGDB/Debug/_2_/ExternalRepositories/pico-sdk/src/common/pico_util/pheap.o
 .text.ph_peek_head
                0x10006806       0x14 VisualGDB/Debug/_2_/ExternalRepositories/pico-sdk/src/common/pico_util/pheap.o
 .text.ph_remove_and_free_head
                0x1000681a       0x1c VisualGDB/Debug/_2_/ExternalRepositories/pico-sdk/src/common/pico_util/pheap.o
 .text.ph_post_alloc_init
                0x10006836       0x32 VisualGDB/Debug/_2_/ExternalRepositories/pico-sdk/src/common/pico_util/pheap.o
                0x10006836                ph_post_alloc_init
 .text.ph_clear
                0x10006868       0x78 VisualGDB/Debug/_2_/ExternalRepositories/pico-sdk/src/common/pico_util/pheap.o
                0x10006868                ph_clear
 .text.ph_merge_two_pass
                0x100068e0       0xd0 VisualGDB/Debug/_2_/ExternalRepositories/pico-sdk/src/common/pico_util/pheap.o
                0x100068e0                ph_merge_two_pass
 .text.ph_remove_any_head
                0x100069b0      0x118 VisualGDB/Debug/_2_/ExternalRepositories/pico-sdk/src/common/pico_util/pheap.o
 .text.ph_remove_head
                0x10006ac8       0x44 VisualGDB/Debug/_2_/ExternalRepositories/pico-sdk/src/common/pico_util/pheap.o
                0x10006ac8                ph_remove_head
 .text.ph_remove_and_free_node
                0x10006b0c      0x154 VisualGDB/Debug/_2_/ExternalRepositories/pico-sdk/src/common/pico_util/pheap.o
                0x10006b0c                ph_remove_and_free_node
 .text.hw_claim_lock
                0x10006c60       0x50 VisualGDB/Debug/_2_/ExternalRepositories/pico-sdk/src/rp2_common/hardware_claim/claim.o
                0x10006c60                hw_claim_lock
 .text.hw_claim_unlock
                0x10006cb0       0x4c VisualGDB/Debug/_2_/ExternalRepositories/pico-sdk/src/rp2_common/hardware_claim/claim.o
                0x10006cb0                hw_claim_unlock
 .text.hw_is_claimed
                0x10006cfc       0x32 VisualGDB/Debug/_2_/ExternalRepositories/pico-sdk/src/rp2_common/hardware_claim/claim.o
                0x10006cfc                hw_is_claimed
 .text.hw_claim_or_assert
                0x10006d2e       0x66 VisualGDB/Debug/_2_/ExternalRepositories/pico-sdk/src/rp2_common/hardware_claim/claim.o
                0x10006d2e                hw_claim_or_assert
 .text.hw_claim_unused_from_range
                0x10006d94       0xa6 VisualGDB/Debug/_2_/ExternalRepositories/pico-sdk/src/rp2_common/hardware_claim/claim.o
                0x10006d94                hw_claim_unused_from_range
 .text.has_glitchless_mux
                0x10006e3a       0x32 VisualGDB/Debug/_2_/ExternalRepositories/pico-sdk/src/rp2_common/hardware_clocks/clocks.o
 .text.clock_configure
                0x10006e6c      0x274 VisualGDB/Debug/_2_/ExternalRepositories/pico-sdk/src/rp2_common/hardware_clocks/clocks.o
                0x10006e6c                clock_configure
 .text.clocks_init
                0x100070e0      0x148 VisualGDB/Debug/_2_/ExternalRepositories/pico-sdk/src/rp2_common/hardware_clocks/clocks.o
                0x100070e0                clocks_init
 .text.clock_get_hz
                0x10007228       0x24 VisualGDB/Debug/_2_/ExternalRepositories/pico-sdk/src/rp2_common/hardware_clocks/clocks.o
                0x10007228                clock_get_hz
 .text.flash_get_unique_id
                0x1000724c       0x70 VisualGDB/Debug/_2_/ExternalRepositories/pico-sdk/src/rp2_common/hardware_flash/flash.o
                0x1000724c                flash_get_unique_id
 .text.check_gpio_param
                0x100072bc       0x10 VisualGDB/Debug/_2_/ExternalRepositories/pico-sdk/src/rp2_common/hardware_gpio/gpio.o
 .text.gpio_set_function
                0x100072cc       0x6c VisualGDB/Debug/_2_/ExternalRepositories/pico-sdk/src/rp2_common/hardware_gpio/gpio.o
                0x100072cc                gpio_set_function
 .text.gpio_set_pulls
                0x10007338       0x7c VisualGDB/Debug/_2_/ExternalRepositories/pico-sdk/src/rp2_common/hardware_gpio/gpio.o
                0x10007338                gpio_set_pulls
 .text.gpio_init
                0x100073b4       0x36 VisualGDB/Debug/_2_/ExternalRepositories/pico-sdk/src/rp2_common/hardware_gpio/gpio.o
                0x100073b4                gpio_init
 .text.check_irq_param
                0x100073ea       0x10 VisualGDB/Debug/_2_/ExternalRepositories/pico-sdk/src/rp2_common/hardware_irq/irq.o
 *fill*         0x100073fa        0x2 
 .text.get_vtable
                0x100073fc       0x14 VisualGDB/Debug/_2_/ExternalRepositories/pico-sdk/src/rp2_common/hardware_irq/irq.o
 .text.add_thumb_bit
                0x10007410       0x16 VisualGDB/Debug/_2_/ExternalRepositories/pico-sdk/src/rp2_common/hardware_irq/irq.o
 .text.remove_thumb_bit
                0x10007426       0x16 VisualGDB/Debug/_2_/ExternalRepositories/pico-sdk/src/rp2_common/hardware_irq/irq.o
 .text.set_raw_irq_handler_and_unlock
                0x1000743c       0x68 VisualGDB/Debug/_2_/ExternalRepositories/pico-sdk/src/rp2_common/hardware_irq/irq.o
 .text.irq_set_enabled
                0x100074a4       0x30 VisualGDB/Debug/_2_/ExternalRepositories/pico-sdk/src/rp2_common/hardware_irq/irq.o
                0x100074a4                irq_set_enabled
 .text.irq_is_enabled
                0x100074d4       0x30 VisualGDB/Debug/_2_/ExternalRepositories/pico-sdk/src/rp2_common/hardware_irq/irq.o
                0x100074d4                irq_is_enabled
 .text.irq_set_mask_enabled
                0x10007504       0x40 VisualGDB/Debug/_2_/ExternalRepositories/pico-sdk/src/rp2_common/hardware_irq/irq.o
                0x10007504                irq_set_mask_enabled
 .text.is_shared_irq_raw_handler
                0x10007544       0x24 VisualGDB/Debug/_2_/ExternalRepositories/pico-sdk/src/rp2_common/hardware_irq/irq.o
 .text.irq_get_vtable_handler
                0x10007568       0x28 VisualGDB/Debug/_2_/ExternalRepositories/pico-sdk/src/rp2_common/hardware_irq/irq.o
                0x10007568                irq_get_vtable_handler
 .text.irq_set_exclusive_handler
                0x10007590       0xa4 VisualGDB/Debug/_2_/ExternalRepositories/pico-sdk/src/rp2_common/hardware_irq/irq.o
                0x10007590                irq_set_exclusive_handler
 .text.make_branch
                0x10007634       0x74 VisualGDB/Debug/_2_/ExternalRepositories/pico-sdk/src/rp2_common/hardware_irq/irq.o
 .text.insert_branch_and_link
                0x100076a8       0x74 VisualGDB/Debug/_2_/ExternalRepositories/pico-sdk/src/rp2_common/hardware_irq/irq.o
 .text.resolve_branch
                0x1000771c       0x5c VisualGDB/Debug/_2_/ExternalRepositories/pico-sdk/src/rp2_common/hardware_irq/irq.o
 .text.slot_diff
                0x10007778       0x30 VisualGDB/Debug/_2_/ExternalRepositories/pico-sdk/src/rp2_common/hardware_irq/irq.o
 .text.get_slot_index
                0x100077a8       0x24 VisualGDB/Debug/_2_/ExternalRepositories/pico-sdk/src/rp2_common/hardware_irq/irq.o
 .text.irq_remove_handler
                0x100077cc      0x24c VisualGDB/Debug/_2_/ExternalRepositories/pico-sdk/src/rp2_common/hardware_irq/irq.o
                0x100077cc                irq_remove_handler
 .text.irq_add_tail_to_free_list
                0x10007a18      0x1b4 VisualGDB/Debug/_2_/ExternalRepositories/pico-sdk/src/rp2_common/hardware_irq/irq.o
                0x10007a18                irq_add_tail_to_free_list
 .text.irq_init_priorities
                0x10007bcc       0x3c VisualGDB/Debug/_2_/ExternalRepositories/pico-sdk/src/rp2_common/hardware_irq/irq.o
                0x10007bcc                irq_init_priorities
 .text._pio_major_instr_bits
                0x10007c08       0x18 VisualGDB/Debug/_2_/ExternalRepositories/pico-sdk/src/rp2_common/hardware_pio/pio.o
 .text._pio_encode_instr_and_args
                0x10007c20       0x2c VisualGDB/Debug/_2_/ExternalRepositories/pico-sdk/src/rp2_common/hardware_pio/pio.o
 .text._pio_encode_instr_and_src_dest
                0x10007c4c       0x34 VisualGDB/Debug/_2_/ExternalRepositories/pico-sdk/src/rp2_common/hardware_pio/pio.o
 .text.pio_encode_jmp
                0x10007c80       0x1e VisualGDB/Debug/_2_/ExternalRepositories/pico-sdk/src/rp2_common/hardware_pio/pio.o
 .text.pio_encode_set
                0x10007c9e       0x28 VisualGDB/Debug/_2_/ExternalRepositories/pico-sdk/src/rp2_common/hardware_pio/pio.o
 .text.check_sm_param
                0x10007cc6       0x10 VisualGDB/Debug/_2_/ExternalRepositories/pico-sdk/src/rp2_common/hardware_pio/pio.o
 .text.check_pio_param
                0x10007cd6       0x10 VisualGDB/Debug/_2_/ExternalRepositories/pico-sdk/src/rp2_common/hardware_pio/pio.o
 .text.sm_config_set_clkdiv_int_frac
                0x10007ce6       0x32 VisualGDB/Debug/_2_/ExternalRepositories/pico-sdk/src/rp2_common/hardware_pio/pio.o
 .text.sm_config_set_wrap
                0x10007d18       0x30 VisualGDB/Debug/_2_/ExternalRepositories/pico-sdk/src/rp2_common/hardware_pio/pio.o
 .text.sm_config_set_in_shift
                0x10007d48       0x68 VisualGDB/Debug/_2_/ExternalRepositories/pico-sdk/src/rp2_common/hardware_pio/pio.o
 .text.sm_config_set_out_shift
                0x10007db0       0x68 VisualGDB/Debug/_2_/ExternalRepositories/pico-sdk/src/rp2_common/hardware_pio/pio.o
 .text.pio_get_default_sm_config
                0x10007e18       0x5c VisualGDB/Debug/_2_/ExternalRepositories/pico-sdk/src/rp2_common/hardware_pio/pio.o
 .text.pio_sm_set_config
                0x10007e74       0x84 VisualGDB/Debug/_2_/ExternalRepositories/pico-sdk/src/rp2_common/hardware_pio/pio.o
 .text.pio_get_index
                0x10007ef8       0x2c VisualGDB/Debug/_2_/ExternalRepositories/pico-sdk/src/rp2_common/hardware_pio/pio.o
 .text.pio_sm_set_enabled
                0x10007f24       0x48 VisualGDB/Debug/_2_/ExternalRepositories/pico-sdk/src/rp2_common/hardware_pio/pio.o
 .text.pio_sm_restart
                0x10007f6c       0x36 VisualGDB/Debug/_2_/ExternalRepositories/pico-sdk/src/rp2_common/hardware_pio/pio.o
 .text.pio_sm_clkdiv_restart
                0x10007fa2       0x36 VisualGDB/Debug/_2_/ExternalRepositories/pico-sdk/src/rp2_common/hardware_pio/pio.o
 .text.pio_sm_exec
                0x10007fd8       0x3a VisualGDB/Debug/_2_/ExternalRepositories/pico-sdk/src/rp2_common/hardware_pio/pio.o
 .text.pio_sm_clear_fifos
                0x10008012       0x6e VisualGDB/Debug/_2_/ExternalRepositories/pico-sdk/src/rp2_common/hardware_pio/pio.o
 .text._pio_find_offset_for_program
                0x10008080       0xcc VisualGDB/Debug/_2_/ExternalRepositories/pico-sdk/src/rp2_common/hardware_pio/pio.o
 .text._pio_can_add_program_at_offset
                0x1000814c       0x68 VisualGDB/Debug/_2_/ExternalRepositories/pico-sdk/src/rp2_common/hardware_pio/pio.o
 .text._pio_add_program_at_offset
                0x100081b4       0xd8 VisualGDB/Debug/_2_/ExternalRepositories/pico-sdk/src/rp2_common/hardware_pio/pio.o
 .text.pio_add_program
                0x1000828c       0x54 VisualGDB/Debug/_2_/ExternalRepositories/pico-sdk/src/rp2_common/hardware_pio/pio.o
                0x1000828c                pio_add_program
 .text.pio_sm_set_consecutive_pindirs
                0x100082e0       0xe8 VisualGDB/Debug/_2_/ExternalRepositories/pico-sdk/src/rp2_common/hardware_pio/pio.o
                0x100082e0                pio_sm_set_consecutive_pindirs
 .text.pio_sm_init
                0x100083c8       0x98 VisualGDB/Debug/_2_/ExternalRepositories/pico-sdk/src/rp2_common/hardware_pio/pio.o
                0x100083c8                pio_sm_init
 .text.reset_block
                0x10008460       0x2c VisualGDB/Debug/_2_/ExternalRepositories/pico-sdk/src/rp2_common/hardware_pll/pll.o
 .text.unreset_block_wait
                0x1000848c       0x3c VisualGDB/Debug/_2_/ExternalRepositories/pico-sdk/src/rp2_common/hardware_pll/pll.o
 .text.pll_init
                0x100084c8      0x1a4 VisualGDB/Debug/_2_/ExternalRepositories/pico-sdk/src/rp2_common/hardware_pll/pll.o
                0x100084c8                pll_init
 .text.spin_locks_reset
                0x1000866c       0x48 VisualGDB/Debug/_2_/ExternalRepositories/pico-sdk/src/rp2_common/hardware_sync/sync.o
                0x1000866c                spin_locks_reset
 .text.next_striped_spin_lock_num
                0x100086b4       0x30 VisualGDB/Debug/_2_/ExternalRepositories/pico-sdk/src/rp2_common/hardware_sync/sync.o
                0x100086b4                next_striped_spin_lock_num
 .text.spin_lock_claim_unused
                0x100086e4       0x30 VisualGDB/Debug/_2_/ExternalRepositories/pico-sdk/src/rp2_common/hardware_sync/sync.o
                0x100086e4                spin_lock_claim_unused
 .text.to_us_since_boot
                0x10008714       0x18 VisualGDB/Debug/_2_/ExternalRepositories/pico-sdk/src/rp2_common/hardware_timer/timer.o
 .text.check_hardware_alarm_num_param
                0x1000872c       0x10 VisualGDB/Debug/_2_/ExternalRepositories/pico-sdk/src/rp2_common/hardware_timer/timer.o
 .text.irq_clear
                0x1000873c       0x24 VisualGDB/Debug/_2_/ExternalRepositories/pico-sdk/src/rp2_common/hardware_timer/timer.o
 .text.hardware_alarm_claim
                0x10008760       0x2c VisualGDB/Debug/_2_/ExternalRepositories/pico-sdk/src/rp2_common/hardware_timer/timer.o
                0x10008760                hardware_alarm_claim
 .text.time_us_64
                0x1000878c       0x60 VisualGDB/Debug/_2_/ExternalRepositories/pico-sdk/src/rp2_common/hardware_timer/timer.o
                0x1000878c                time_us_64
 .text.harware_alarm_irq_number
                0x100087ec       0x12 VisualGDB/Debug/_2_/ExternalRepositories/pico-sdk/src/rp2_common/hardware_timer/timer.o
 *fill*         0x100087fe        0x2 
 .text.hardware_alarm_irq_handler
                0x10008800      0x120 VisualGDB/Debug/_2_/ExternalRepositories/pico-sdk/src/rp2_common/hardware_timer/timer.o
 .text.hardware_alarm_set_callback
                0x10008920      0x134 VisualGDB/Debug/_2_/ExternalRepositories/pico-sdk/src/rp2_common/hardware_timer/timer.o
                0x10008920                hardware_alarm_set_callback
 .text.hardware_alarm_set_target
                0x10008a54      0x1c4 VisualGDB/Debug/_2_/ExternalRepositories/pico-sdk/src/rp2_common/hardware_timer/timer.o
                0x10008a54                hardware_alarm_set_target
 .text.hardware_alarm_cancel
                0x10008c18       0xb8 VisualGDB/Debug/_2_/ExternalRepositories/pico-sdk/src/rp2_common/hardware_timer/timer.o
                0x10008c18                hardware_alarm_cancel
 .text.uart_get_index
                0x10008cd0       0x24 VisualGDB/Debug/_2_/ExternalRepositories/pico-sdk/src/rp2_common/hardware_uart/uart.o
 .text.uart_get_hw
                0x10008cf4       0x1a VisualGDB/Debug/_2_/ExternalRepositories/pico-sdk/src/rp2_common/hardware_uart/uart.o
 .text.uart_set_format
                0x10008d0e       0x80 VisualGDB/Debug/_2_/ExternalRepositories/pico-sdk/src/rp2_common/hardware_uart/uart.o
 *fill*         0x10008d8e        0x2 
 .text.reset_block
                0x10008d90       0x2c VisualGDB/Debug/_2_/ExternalRepositories/pico-sdk/src/rp2_common/hardware_uart/uart.o
 .text.unreset_block_wait
                0x10008dbc       0x3c VisualGDB/Debug/_2_/ExternalRepositories/pico-sdk/src/rp2_common/hardware_uart/uart.o
 .text.uart_reset
                0x10008df8       0x2c VisualGDB/Debug/_2_/ExternalRepositories/pico-sdk/src/rp2_common/hardware_uart/uart.o
 .text.uart_unreset
                0x10008e24       0x2c VisualGDB/Debug/_2_/ExternalRepositories/pico-sdk/src/rp2_common/hardware_uart/uart.o
 .text.uart_init
                0x10008e50       0x98 VisualGDB/Debug/_2_/ExternalRepositories/pico-sdk/src/rp2_common/hardware_uart/uart.o
                0x10008e50                uart_init
 .text.uart_set_baudrate
                0x10008ee8       0xbc VisualGDB/Debug/_2_/ExternalRepositories/pico-sdk/src/rp2_common/hardware_uart/uart.o
                0x10008ee8                uart_set_baudrate
 .text.uart_set_translate_crlf
                0x10008fa4       0x3c VisualGDB/Debug/_2_/ExternalRepositories/pico-sdk/src/rp2_common/hardware_uart/uart.o
                0x10008fa4                uart_set_translate_crlf
 .text.watchdog_start_tick
                0x10008fe0       0x20 VisualGDB/Debug/_2_/ExternalRepositories/pico-sdk/src/rp2_common/hardware_watchdog/watchdog.o
                0x10008fe0                watchdog_start_tick
 .text.xosc_init
                0x10009000       0x48 VisualGDB/Debug/_2_/ExternalRepositories/pico-sdk/src/rp2_common/hardware_xosc/xosc.o
                0x10009000                xosc_init
 .text.rom_func_lookup
                0x10009048       0x2c VisualGDB/Debug/_2_/ExternalRepositories/pico-sdk/src/rp2_common/pico_bootrom/bootrom.o
                0x10009048                rom_func_lookup
 .text.rom_data_lookup
                0x10009074       0x28 VisualGDB/Debug/_2_/ExternalRepositories/pico-sdk/src/rp2_common/pico_bootrom/bootrom.o
                0x10009074                rom_data_lookup
 .text.rom_funcs_lookup
                0x1000909c       0x68 VisualGDB/Debug/_2_/ExternalRepositories/pico-sdk/src/rp2_common/pico_bootrom/bootrom.o
                0x1000909c                rom_funcs_lookup
 .text.rp2040_rom_version
                0x10009104        0xe VisualGDB/Debug/_2_/ExternalRepositories/pico-sdk/src/rp2_common/pico_double/double_init_rom.o
 .text.rom_table_code
                0x10009112       0x26 VisualGDB/Debug/_2_/ExternalRepositories/pico-sdk/src/rp2_common/pico_double/double_init_rom.o
 .text.missing_double_func_shim
                0x10009138       0x10 VisualGDB/Debug/_2_/ExternalRepositories/pico-sdk/src/rp2_common/pico_double/double_init_rom.o
 .text.__aeabi_double_init
                0x10009148      0x100 VisualGDB/Debug/_2_/ExternalRepositories/pico-sdk/src/rp2_common/pico_double/double_init_rom.o
                0x10009148                __aeabi_double_init
 .text.rp2040_rom_version
                0x10009248        0xe VisualGDB/Debug/_2_/ExternalRepositories/pico-sdk/src/rp2_common/pico_float/float_init_rom.o
 .text.rom_table_code
                0x10009256       0x26 VisualGDB/Debug/_2_/ExternalRepositories/pico-sdk/src/rp2_common/pico_float/float_init_rom.o
 .text.missing_float_func_shim
                0x1000927c       0x10 VisualGDB/Debug/_2_/ExternalRepositories/pico-sdk/src/rp2_common/pico_float/float_init_rom.o
 .text.__aeabi_float_init
                0x1000928c       0xb8 VisualGDB/Debug/_2_/ExternalRepositories/pico-sdk/src/rp2_common/pico_float/float_init_rom.o
                0x1000928c                __aeabi_float_init
 .text.running_on_fpga
                0x10009344       0x1c VisualGDB/Debug/_2_/ExternalRepositories/pico-sdk/src/rp2_common/pico_platform/platform.o
                0x10009344                running_on_fpga
 .text._out_null
                0x10009360       0x1c VisualGDB/Debug/_2_/ExternalRepositories/pico-sdk/src/rp2_common/pico_printf/printf.o
 .text._out_fct
                0x1000937c       0x36 VisualGDB/Debug/_2_/ExternalRepositories/pico-sdk/src/rp2_common/pico_printf/printf.o
 .text._strnlen_s
                0x100093b2       0x36 VisualGDB/Debug/_2_/ExternalRepositories/pico-sdk/src/rp2_common/pico_printf/printf.o
 .text._is_digit
                0x100093e8       0x32 VisualGDB/Debug/_2_/ExternalRepositories/pico-sdk/src/rp2_common/pico_printf/printf.o
 .text._atoi    0x1000941a       0x46 VisualGDB/Debug/_2_/ExternalRepositories/pico-sdk/src/rp2_common/pico_printf/printf.o
 .text._out_rev
                0x10009460       0x9a VisualGDB/Debug/_2_/ExternalRepositories/pico-sdk/src/rp2_common/pico_printf/printf.o
 .text._ntoa_format
                0x100094fa      0x1ac VisualGDB/Debug/_2_/ExternalRepositories/pico-sdk/src/rp2_common/pico_printf/printf.o
 .text._ntoa_long
                0x100096a6       0xd2 VisualGDB/Debug/_2_/ExternalRepositories/pico-sdk/src/rp2_common/pico_printf/printf.o
 .text._ntoa_long_long
                0x10009778       0xe6 VisualGDB/Debug/_2_/ExternalRepositories/pico-sdk/src/rp2_common/pico_printf/printf.o
 *fill*         0x1000985e        0x2 
 .text._ftoa    0x10009860      0x494 VisualGDB/Debug/_2_/ExternalRepositories/pico-sdk/src/rp2_common/pico_printf/printf.o
 .text._etoa    0x10009cf4      0x594 VisualGDB/Debug/_2_/ExternalRepositories/pico-sdk/src/rp2_common/pico_printf/printf.o
 .text._vsnprintf
                0x1000a288      0x8a0 VisualGDB/Debug/_2_/ExternalRepositories/pico-sdk/src/rp2_common/pico_printf/printf.o
 .text.vfctprintf
                0x1000ab28       0x40 VisualGDB/Debug/_2_/ExternalRepositories/pico-sdk/src/rp2_common/pico_printf/printf.o
                0x1000ab28                vfctprintf
 .text.__breakpoint
                0x1000ab68        0xc VisualGDB/Debug/_2_/ExternalRepositories/pico-sdk/src/rp2_common/pico_runtime/runtime.o
 .text.reset_block
                0x1000ab74       0x2c VisualGDB/Debug/_2_/ExternalRepositories/pico-sdk/src/rp2_common/pico_runtime/runtime.o
 .text.unreset_block_wait
                0x1000aba0       0x3c VisualGDB/Debug/_2_/ExternalRepositories/pico-sdk/src/rp2_common/pico_runtime/runtime.o
 .text.runtime_init
                0x1000abdc      0x130 VisualGDB/Debug/_2_/ExternalRepositories/pico-sdk/src/rp2_common/pico_runtime/runtime.o
                0x1000abdc                runtime_init
 .text._exit    0x1000ad0c        0xe VisualGDB/Debug/_2_/ExternalRepositories/pico-sdk/src/rp2_common/pico_runtime/runtime.o
                0x1000ad0c                _exit
 .text.exit     0x1000ad1a       0x10 VisualGDB/Debug/_2_/ExternalRepositories/pico-sdk/src/rp2_common/pico_runtime/runtime.o
                0x1000ad1a                exit
 *fill*         0x1000ad2a        0x2 
 .text.__assert_func
                0x1000ad2c       0x4c VisualGDB/Debug/_2_/ExternalRepositories/pico-sdk/src/rp2_common/pico_runtime/runtime.o
                0x1000ad2c                __assert_func
 .text.panic    0x1000ad78       0x40 VisualGDB/Debug/_2_/ExternalRepositories/pico-sdk/src/rp2_common/pico_runtime/runtime.o
                0x1000ad78                panic
 .text.stdout_serialize_begin
                0x1000adb8       0x50 VisualGDB/Debug/_2_/ExternalRepositories/pico-sdk/src/rp2_common/pico_stdio/stdio.o
                0x1000adb8                stdout_serialize_begin
 .text.stdout_serialize_end
                0x1000ae08       0x18 VisualGDB/Debug/_2_/ExternalRepositories/pico-sdk/src/rp2_common/pico_stdio/stdio.o
                0x1000ae08                stdout_serialize_end
 .text.stdio_out_chars_no_crlf
                0x1000ae20       0x20 VisualGDB/Debug/_2_/ExternalRepositories/pico-sdk/src/rp2_common/pico_stdio/stdio.o
 .text.stdio_out_chars_crlf
                0x1000ae40       0xf4 VisualGDB/Debug/_2_/ExternalRepositories/pico-sdk/src/rp2_common/pico_stdio/stdio.o
 .text.stdio_put_string
                0x1000af34       0xcc VisualGDB/Debug/_2_/ExternalRepositories/pico-sdk/src/rp2_common/pico_stdio/stdio.o
 .text.__wrap_puts
                0x1000b000       0x2e VisualGDB/Debug/_2_/ExternalRepositories/pico-sdk/src/rp2_common/pico_stdio/stdio.o
                0x1000b000                __wrap_puts
 *fill*         0x1000b02e        0x2 
 .text.stdio_set_driver_enabled
                0x1000b030       0x68 VisualGDB/Debug/_2_/ExternalRepositories/pico-sdk/src/rp2_common/pico_stdio/stdio.o
                0x1000b030                stdio_set_driver_enabled
 .text.stdio_flush
                0x1000b098       0x38 VisualGDB/Debug/_2_/ExternalRepositories/pico-sdk/src/rp2_common/pico_stdio/stdio.o
                0x1000b098                stdio_flush
 .text.stdio_stack_buffer_flush
                0x1000b0d0       0x6c VisualGDB/Debug/_2_/ExternalRepositories/pico-sdk/src/rp2_common/pico_stdio/stdio.o
 .text.stdio_buffered_printer
                0x1000b13c       0x3e VisualGDB/Debug/_2_/ExternalRepositories/pico-sdk/src/rp2_common/pico_stdio/stdio.o
 *fill*         0x1000b17a        0x2 
 .text.__wrap_vprintf
                0x1000b17c       0x64 VisualGDB/Debug/_2_/ExternalRepositories/pico-sdk/src/rp2_common/pico_stdio/stdio.o
                0x1000b17c                __wrap_vprintf
 .text.__wrap_printf
                0x1000b1e0       0x2e VisualGDB/Debug/_2_/ExternalRepositories/pico-sdk/src/rp2_common/pico_stdio/stdio.o
                0x1000b1e0                __wrap_printf
 *fill*         0x1000b20e        0x2 
 .text.uart_get_index
                0x1000b210       0x24 VisualGDB/Debug/_2_/ExternalRepositories/pico-sdk/src/rp2_common/pico_stdio_uart/stdio_uart.o
 .text.uart_get_hw
                0x1000b234       0x1a VisualGDB/Debug/_2_/ExternalRepositories/pico-sdk/src/rp2_common/pico_stdio_uart/stdio_uart.o
 .text.uart_is_writable
                0x1000b24e       0x26 VisualGDB/Debug/_2_/ExternalRepositories/pico-sdk/src/rp2_common/pico_stdio_uart/stdio_uart.o
 .text.uart_is_readable
                0x1000b274       0x26 VisualGDB/Debug/_2_/ExternalRepositories/pico-sdk/src/rp2_common/pico_stdio_uart/stdio_uart.o
 .text.uart_write_blocking
                0x1000b29a       0x58 VisualGDB/Debug/_2_/ExternalRepositories/pico-sdk/src/rp2_common/pico_stdio_uart/stdio_uart.o
 .text.uart_read_blocking
                0x1000b2f2       0x58 VisualGDB/Debug/_2_/ExternalRepositories/pico-sdk/src/rp2_common/pico_stdio_uart/stdio_uart.o
 .text.uart_putc_raw
                0x1000b34a       0x22 VisualGDB/Debug/_2_/ExternalRepositories/pico-sdk/src/rp2_common/pico_stdio_uart/stdio_uart.o
 .text.uart_putc
                0x1000b36c       0x4c VisualGDB/Debug/_2_/ExternalRepositories/pico-sdk/src/rp2_common/pico_stdio_uart/stdio_uart.o
 .text.uart_getc
                0x1000b3b8       0x22 VisualGDB/Debug/_2_/ExternalRepositories/pico-sdk/src/rp2_common/pico_stdio_uart/stdio_uart.o
 *fill*         0x1000b3da        0x2 
 .text.stdio_uart_init_full
                0x1000b3dc       0x5c VisualGDB/Debug/_2_/ExternalRepositories/pico-sdk/src/rp2_common/pico_stdio_uart/stdio_uart.o
                0x1000b3dc                stdio_uart_init_full
 .text.stdio_uart_out_chars
                0x1000b438       0x40 VisualGDB/Debug/_2_/ExternalRepositories/pico-sdk/src/rp2_common/pico_stdio_uart/stdio_uart.o
 .text.stdio_uart_in_chars
                0x1000b478       0x5c VisualGDB/Debug/_2_/ExternalRepositories/pico-sdk/src/rp2_common/pico_stdio_uart/stdio_uart.o
                0x1000b478                stdio_uart_in_chars
 .text._retrieve_unique_id_on_boot
                0x1000b4d4       0x18 VisualGDB/Debug/_2_/ExternalRepositories/pico-sdk/src/rp2_common/pico_unique_id/unique_id.o
 .text.pico_get_unique_board_id
                0x1000b4ec       0x24 VisualGDB/Debug/_2_/ExternalRepositories/pico-sdk/src/rp2_common/pico_unique_id/unique_id.o
                0x1000b4ec                pico_get_unique_board_id
 .text.uart_get_index
                0x1000b510       0x24 VisualGDB/Debug/Local/src/cdc_uart.o
 .text.uart_get_hw
                0x1000b534       0x1a VisualGDB/Debug/Local/src/cdc_uart.o
 .text.uart_is_writable
                0x1000b54e       0x26 VisualGDB/Debug/Local/src/cdc_uart.o
 .text.uart_is_readable
                0x1000b574       0x26 VisualGDB/Debug/Local/src/cdc_uart.o
 .text.uart_write_blocking
                0x1000b59a       0x58 VisualGDB/Debug/Local/src/cdc_uart.o
 .text.uart_read_blocking
                0x1000b5f2       0x58 VisualGDB/Debug/Local/src/cdc_uart.o
 .text.uart_getc
                0x1000b64a       0x22 VisualGDB/Debug/Local/src/cdc_uart.o
 .text.tud_cdc_n_write_char
                0x1000b66c       0x2a VisualGDB/Debug/Local/src/cdc_uart.o
 .text.tud_cdc_connected
                0x1000b696       0x12 VisualGDB/Debug/Local/src/cdc_uart.o
 .text.tud_cdc_available
                0x1000b6a8       0x12 VisualGDB/Debug/Local/src/cdc_uart.o
 .text.tud_cdc_read
                0x1000b6ba       0x20 VisualGDB/Debug/Local/src/cdc_uart.o
 .text.tud_cdc_write_char
                0x1000b6da       0x22 VisualGDB/Debug/Local/src/cdc_uart.o
 .text.tud_cdc_write_flush
                0x1000b6fc       0x12 VisualGDB/Debug/Local/src/cdc_uart.o
 *fill*         0x1000b70e        0x2 
 .text.cdc_uart_init
                0x1000b710       0x2c VisualGDB/Debug/Local/src/cdc_uart.o
                0x1000b710                cdc_uart_init
 .text.cdc_task
                0x1000b73c       0xc8 VisualGDB/Debug/Local/src/cdc_uart.o
                0x1000b73c                cdc_task
 .text.tud_cdc_line_coding_cb
                0x1000b804       0x3c VisualGDB/Debug/Local/src/cdc_uart.o
                0x1000b804                tud_cdc_line_coding_cb
 .text.usb_serial_init
                0x1000b840       0x84 VisualGDB/Debug/Local/src/get_serial.o
                0x1000b840                usb_serial_init
 .text.gpio_set_mask
                0x1000b8c4       0x18 VisualGDB/Debug/Local/src/led.o
 .text.gpio_clr_mask
                0x1000b8dc       0x18 VisualGDB/Debug/Local/src/led.o
 .text.gpio_put
                0x1000b8f4       0x3a VisualGDB/Debug/Local/src/led.o
 .text.gpio_set_dir_out_masked
                0x1000b92e       0x18 VisualGDB/Debug/Local/src/led.o
 .text.gpio_set_dir_in_masked
                0x1000b946       0x18 VisualGDB/Debug/Local/src/led.o
 .text.gpio_set_dir
                0x1000b95e       0x3a VisualGDB/Debug/Local/src/led.o
 .text.led_init
                0x1000b998       0x2c VisualGDB/Debug/Local/src/led.o
                0x1000b998                led_init
 .text.led_task
                0x1000b9c4       0x38 VisualGDB/Debug/Local/src/led.o
                0x1000b9c4                led_task
 .text.led_signal_activity
                0x1000b9fc       0x3c VisualGDB/Debug/Local/src/led.o
                0x1000b9fc                led_signal_activity
 .text.main     0x1000ba38       0x2e VisualGDB/Debug/Local/src/main.o
                0x1000ba38                main
 .text.gpio_pull_up
                0x1000ba66       0x1c VisualGDB/Debug/Local/src/probe.o
 .text.gpio_set_mask
                0x1000ba82       0x18 VisualGDB/Debug/Local/src/probe.o
 .text.gpio_clr_mask
                0x1000ba9a       0x18 VisualGDB/Debug/Local/src/probe.o
 .text.gpio_set_dir_out_masked
                0x1000bab2       0x18 VisualGDB/Debug/Local/src/probe.o
 .text.gpio_set_dir_in_masked
                0x1000baca       0x18 VisualGDB/Debug/Local/src/probe.o
 .text.gpio_set_dir
                0x1000bae2       0x3a VisualGDB/Debug/Local/src/probe.o
 .text._pio_encode_instr_and_args
                0x1000bb1c       0x2c VisualGDB/Debug/Local/src/probe.o
 .text.pio_encode_jmp
                0x1000bb48       0x1e VisualGDB/Debug/Local/src/probe.o
 .text.check_sm_param
                0x1000bb66       0x10 VisualGDB/Debug/Local/src/probe.o
 .text.check_pio_param
                0x1000bb76       0x10 VisualGDB/Debug/Local/src/probe.o
 *fill*         0x1000bb86        0x2 
 .text.sm_config_set_out_pins
                0x1000bb88       0x30 VisualGDB/Debug/Local/src/probe.o
 .text.sm_config_set_set_pins
                0x1000bbb8       0x30 VisualGDB/Debug/Local/src/probe.o
 .text.sm_config_set_in_pins
                0x1000bbe8       0x28 VisualGDB/Debug/Local/src/probe.o
 .text.sm_config_set_sideset_pins
                0x1000bc10       0x28 VisualGDB/Debug/Local/src/probe.o
 .text.sm_config_set_sideset
                0x1000bc38       0x64 VisualGDB/Debug/Local/src/probe.o
 .text.sm_config_set_clkdiv_int_frac
                0x1000bc9c       0x32 VisualGDB/Debug/Local/src/probe.o
 *fill*         0x1000bcce        0x2 
 .text.sm_config_set_wrap
                0x1000bcd0       0x30 VisualGDB/Debug/Local/src/probe.o
 .text.sm_config_set_in_shift
                0x1000bd00       0x68 VisualGDB/Debug/Local/src/probe.o
 .text.sm_config_set_out_shift
                0x1000bd68       0x68 VisualGDB/Debug/Local/src/probe.o
 .text.pio_get_default_sm_config
                0x1000bdd0       0x5c VisualGDB/Debug/Local/src/probe.o
 .text.pio_gpio_init
                0x1000be2c       0x38 VisualGDB/Debug/Local/src/probe.o
 .text.pio_sm_set_enabled
                0x1000be64       0x48 VisualGDB/Debug/Local/src/probe.o
 .text.pio_sm_exec
                0x1000beac       0x3a VisualGDB/Debug/Local/src/probe.o
 .text.pio_sm_put
                0x1000bee6       0x30 VisualGDB/Debug/Local/src/probe.o
 .text.pio_sm_get
                0x1000bf16       0x2c VisualGDB/Debug/Local/src/probe.o
 .text.pio_sm_is_rx_fifo_empty
                0x1000bf42       0x38 VisualGDB/Debug/Local/src/probe.o
 .text.pio_sm_is_tx_fifo_full
                0x1000bf7a       0x38 VisualGDB/Debug/Local/src/probe.o
 .text.pio_sm_put_blocking
                0x1000bfb2       0x44 VisualGDB/Debug/Local/src/probe.o
 .text.pio_sm_get_blocking
                0x1000bff6       0x44 VisualGDB/Debug/Local/src/probe.o
 .text.pio_sm_set_clkdiv_int_frac
                0x1000c03a       0x52 VisualGDB/Debug/Local/src/probe.o
 .text.probe_program_get_default_config
                0x1000c08c       0x44 VisualGDB/Debug/Local/src/probe.o
 .text.tud_vendor_available
                0x1000c0d0       0x12 VisualGDB/Debug/Local/src/probe.o
 .text.tud_vendor_read
                0x1000c0e2       0x20 VisualGDB/Debug/Local/src/probe.o
 .text.tud_vendor_write
                0x1000c102       0x20 VisualGDB/Debug/Local/src/probe.o
 *fill*         0x1000c122        0x2 
 .text.probe_set_swclk_freq
                0x1000c124       0x48 VisualGDB/Debug/Local/src/probe.o
                0x1000c124                probe_set_swclk_freq
 .text.probe_assert_reset
                0x1000c16c       0x20 VisualGDB/Debug/Local/src/probe.o
 .text.probe_write_bits
                0x1000c18c       0x8c VisualGDB/Debug/Local/src/probe.o
 .text.probe_read_bits
                0x1000c218       0x80 VisualGDB/Debug/Local/src/probe.o
 .text.probe_read_mode
                0x1000c298       0x40 VisualGDB/Debug/Local/src/probe.o
 .text.probe_write_mode
                0x1000c2d8       0x40 VisualGDB/Debug/Local/src/probe.o
 .text.probe_init
                0x1000c318       0xe4 VisualGDB/Debug/Local/src/probe.o
                0x1000c318                probe_init
 .text.probe_handle_read
                0x1000c3fc       0x60 VisualGDB/Debug/Local/src/probe.o
                0x1000c3fc                probe_handle_read
 .text.probe_handle_write
                0x1000c45c       0x56 VisualGDB/Debug/Local/src/probe.o
                0x1000c45c                probe_handle_write
 *fill*         0x1000c4b2        0x2 
 .text.probe_prepare_read_header
                0x1000c4b4       0x44 VisualGDB/Debug/Local/src/probe.o
                0x1000c4b4                probe_prepare_read_header
 .text.probe_handle_pkt
                0x1000c4f8      0x1d4 VisualGDB/Debug/Local/src/probe.o
                0x1000c4f8                probe_handle_pkt
 .text.probe_task
                0x1000c6cc       0x8c VisualGDB/Debug/Local/src/probe.o
                0x1000c6cc                probe_task
 .text.tud_descriptor_device_cb
                0x1000c758       0x10 VisualGDB/Debug/Local/src/usb_descriptors.o
                0x1000c758                tud_descriptor_device_cb
 .text.tud_descriptor_configuration_cb
                0x1000c768       0x1c VisualGDB/Debug/Local/src/usb_descriptors.o
                0x1000c768                tud_descriptor_configuration_cb
 .text.tud_descriptor_string_cb
                0x1000c784       0xdc VisualGDB/Debug/Local/src/usb_descriptors.o
                0x1000c784                tud_descriptor_string_cb
 .text          0x1000c860       0x10 VisualGDB/Debug/_2_/ExternalRepositories/pico-sdk/src/rp2_common/pico_bit_ops/bit_ops_aeabi.o
 .text.__wrap___aeabi_idiv
                0x1000c870       0x50 VisualGDB/Debug/_2_/ExternalRepositories/pico-sdk/src/rp2_common/pico_divider/divider.o
                0x1000c870                __wrap___aeabi_idivmod
                0x1000c870                divmod_s32s32
                0x1000c870                div_s32s32
                0x1000c870                __wrap___aeabi_idiv
                0x1000c878                divmod_s32s32_unsafe
                0x1000c8a4                divmod_s32s32_savestate
 .text.__wrap___aeabi_uidiv
                0x1000c8c0       0x4c VisualGDB/Debug/_2_/ExternalRepositories/pico-sdk/src/rp2_common/pico_divider/divider.o
                0x1000c8c0                __wrap___aeabi_uidiv
                0x1000c8c0                __wrap___aeabi_uidivmod
                0x1000c8c0                div_u32u32
                0x1000c8c0                divmod_u32u32
                0x1000c8c8                divmod_u32u32_unsafe
                0x1000c8f0                divmod_u32u32_savestate
 .text.__wrap___aeabi_ldiv
                0x1000c90c      0x434 VisualGDB/Debug/_2_/ExternalRepositories/pico-sdk/src/rp2_common/pico_divider/divider.o
                0x1000c90c                div_s64s64
                0x1000c90c                divmod_s64s64
                0x1000c90c                __wrap___aeabi_ldivmod
                0x1000c944                divmod_u64u64
                0x1000c944                div_u64u64
                0x1000c944                __wrap___aeabi_uldivmod
                0x1000c954                divmod_u64u64_savestate
                0x1000c97c                divmod_s64s64_unsafe
                0x1000ca04                divmod_u64u64_unsafe
 .text.__wrap___aeabi_darithmetic
                0x1000cd40       0x60 VisualGDB/Debug/_2_/ExternalRepositories/pico-sdk/src/rp2_common/pico_double/double_aeabi.o
                0x1000cd40                __wrap___aeabi_drsub
                0x1000cd46                __wrap___aeabi_dsub
                0x1000cd50                __wrap___aeabi_dadd
                0x1000cd5a                __wrap___aeabi_ddiv
                0x1000cd8e                __wrap___aeabi_dmul
 .text.__wrap___aeabi_cdcmple
                0x1000cda0       0x6c VisualGDB/Debug/_2_/ExternalRepositories/pico-sdk/src/rp2_common/pico_double/double_aeabi.o
                0x1000cda0                __wrap___aeabi_cdrcmple
                0x1000cdb0                __wrap___aeabi_cdcmpeq
                0x1000cdb0                __wrap___aeabi_cdcmple
 .text.__wrap___aeabi_dcmplt
                0x1000ce0c        0xc VisualGDB/Debug/_2_/ExternalRepositories/pico-sdk/src/rp2_common/pico_double/double_aeabi.o
                0x1000ce0c                __wrap___aeabi_dcmplt
 .text.__wrap___aeabi_dcmpge
                0x1000ce18       0x10 VisualGDB/Debug/_2_/ExternalRepositories/pico-sdk/src/rp2_common/pico_double/double_aeabi.o
                0x1000ce18                __wrap___aeabi_dcmpge
 .text.__wrap___aeabi_dcmpgt
                0x1000ce28        0xa VisualGDB/Debug/_2_/ExternalRepositories/pico-sdk/src/rp2_common/pico_double/double_aeabi.o
                0x1000ce28                __wrap___aeabi_dcmpgt
 .text.__wrap___aeabi_dcmpun
                0x1000ce32       0x1c VisualGDB/Debug/_2_/ExternalRepositories/pico-sdk/src/rp2_common/pico_double/double_aeabi.o
                0x1000ce32                __wrap___aeabi_dcmpun
 *fill*         0x1000ce4e        0x2 
 .text.__wrap___aeabi_i2d
                0x1000ce50       0x38 VisualGDB/Debug/_2_/ExternalRepositories/pico-sdk/src/rp2_common/pico_double/double_aeabi.o
                0x1000ce50                __wrap___aeabi_ui2d
                0x1000ce58                __wrap___aeabi_i2d
 .text.__wrap___aeabi_d2iz
                0x1000ce88       0x48 VisualGDB/Debug/_2_/ExternalRepositories/pico-sdk/src/rp2_common/pico_double/double_aeabi.o
                0x1000ce88                double2int_z
                0x1000ce88                __wrap___aeabi_d2iz
 .text.__wrap___aeabi_d2uiz
                0x1000ced0       0x10 VisualGDB/Debug/_2_/ExternalRepositories/pico-sdk/src/rp2_common/pico_double/double_aeabi.o
                0x1000ced0                __wrap___aeabi_d2uiz
                0x1000ced0                double2uint
 .text.double_table_shim_on_use_helper
                0x1000cee0       0x34 VisualGDB/Debug/_2_/ExternalRepositories/pico-sdk/src/rp2_common/pico_double/double_v1_rom_shim.o
                0x1000cee0                double_table_shim_on_use_helper
 .text.__aeabi_lmul
                0x1000cf14       0x32 VisualGDB/Debug/_2_/ExternalRepositories/pico-sdk/src/rp2_common/pico_int64_ops/pico_int64_ops_aeabi.o
                0x1000cf14                __wrap___aeabi_lmul
 *fill*         0x1000cf46        0x2 
 .text          0x1000cf48       0x10 VisualGDB/Debug/_2_/ExternalRepositories/pico-sdk/src/rp2_common/pico_mem_ops/mem_ops_aeabi.o
                0x1000cf48                __aeabi_mem_init
 .text.memset   0x1000cf58        0xc VisualGDB/Debug/_2_/ExternalRepositories/pico-sdk/src/rp2_common/pico_mem_ops/mem_ops_aeabi.o
                0x1000cf58                __wrap_memset
 .text.memcpy   0x1000cf64        0xc VisualGDB/Debug/_2_/ExternalRepositories/pico-sdk/src/rp2_common/pico_mem_ops/mem_ops_aeabi.o
                0x1000cf64                __wrap_memcpy
                0x1000cf64                __wrap___aeabi_memcpy
 .text.strlen   0x1000cf70       0x5c c:/sysgcc/arm-eabi/bin/../lib/gcc/arm-none-eabi/10.3.1/../../../../arm-none-eabi/lib/thumb/v6-m/nofp\libc.a(lib_a-strlen-stub.o)
                0x1000cf70                strlen
 *(.fini)
 .fini          0x1000cfcc        0x4 c:/sysgcc/arm-eabi/bin/../lib/gcc/arm-none-eabi/10.3.1/thumb/v6-m/nofp/crti.o
                0x1000cfcc                _fini
 .fini.__stub   0x1000cfd0       0x70 linker stubs
 *crtbegin.o(.ctors)
 *crtbegin?.o(.ctors)
 *(EXCLUDE_FILE(*crtend.o *crtend?.o) .ctors)
 *(SORT_BY_NAME(.ctors.*))
 *(.ctors)
 *crtbegin.o(.dtors)
 *crtbegin?.o(.dtors)
 *(EXCLUDE_FILE(*crtend.o *crtend?.o) .dtors)
 *(SORT_BY_NAME(.dtors.*))
 *(.dtors)
 *(.eh_frame*)
 .eh_frame      0x1000d040        0x0 c:/sysgcc/arm-eabi/bin/../lib/gcc/arm-none-eabi/10.3.1/thumb/v6-m/nofp/crtbegin.o
                0x1000d040                . = ALIGN (0x4)

.glue_7         0x1000d040        0x0
 .glue_7        0x1000d040        0x0 linker stubs

.glue_7t        0x1000d040        0x0
 .glue_7t       0x1000d040        0x0 linker stubs

.vfp11_veneer   0x1000d040        0x0
 .vfp11_veneer  0x1000d040        0x0 linker stubs

.v4_bx          0x1000d040        0x0
 .v4_bx         0x1000d040        0x0 linker stubs

.iplt           0x1000d040        0x0
 .iplt          0x1000d040        0x0 c:/sysgcc/arm-eabi/bin/../lib/gcc/arm-none-eabi/10.3.1/thumb/v6-m/nofp/crtbegin.o

.rodata         0x1000d040     0x1d98
 *(EXCLUDE_FILE(*libm.a: *libc.a:*lib_a-mem*.o *libgcc.a:) .rodata*)
 .rodata.__bi_131.3
                0x1000d040        0x8 VisualGDB/Debug/_2_/ExternalRepositories/pico-sdk/lib/tinyusb/hw/bsp/rp2040/family.o
 .rodata        0x1000d048        0x4 VisualGDB/Debug/_2_/ExternalRepositories/pico-sdk/lib/tinyusb/hw/bsp/rp2040/family.o
 .rodata.__bi_121.1
                0x1000d04c        0xc VisualGDB/Debug/_2_/ExternalRepositories/pico-sdk/lib/tinyusb/hw/bsp/rp2040/family.o
 .rodata        0x1000d058       0x17 VisualGDB/Debug/_2_/ExternalRepositories/pico-sdk/lib/tinyusb/src/class/cdc/cdc_device.o
 *fill*         0x1000d06f        0x1 
 .rodata.__func__.2
                0x1000d070       0x16 VisualGDB/Debug/_2_/ExternalRepositories/pico-sdk/lib/tinyusb/src/class/cdc/cdc_device.o
 *fill*         0x1000d086        0x2 
 .rodata.__func__.1
                0x1000d088        0xa VisualGDB/Debug/_2_/ExternalRepositories/pico-sdk/lib/tinyusb/src/class/cdc/cdc_device.o
 *fill*         0x1000d092        0x2 
 .rodata.__func__.0
                0x1000d094        0xd VisualGDB/Debug/_2_/ExternalRepositories/pico-sdk/lib/tinyusb/src/class/cdc/cdc_device.o
 *fill*         0x1000d0a1        0x3 
 .rodata        0x1000d0a4       0x17 VisualGDB/Debug/_2_/ExternalRepositories/pico-sdk/lib/tinyusb/src/class/vendor/vendor_device.o
 *fill*         0x1000d0bb        0x1 
 .rodata.__func__.1
                0x1000d0bc        0xf VisualGDB/Debug/_2_/ExternalRepositories/pico-sdk/lib/tinyusb/src/class/vendor/vendor_device.o
 *fill*         0x1000d0cb        0x1 
 .rodata.__func__.0
                0x1000d0cc        0xd VisualGDB/Debug/_2_/ExternalRepositories/pico-sdk/lib/tinyusb/src/class/vendor/vendor_device.o
 *fill*         0x1000d0d9        0x3 
 .rodata        0x1000d0dc       0x17 VisualGDB/Debug/_2_/ExternalRepositories/pico-sdk/lib/tinyusb/src/device/usbd.o
 *fill*         0x1000d0f3        0x1 
 .rodata._usbd_driver
                0x1000d0f4       0x30 VisualGDB/Debug/_2_/ExternalRepositories/pico-sdk/lib/tinyusb/src/device/usbd.o
 .rodata.tud_task
                0x1000d124       0x24 VisualGDB/Debug/_2_/ExternalRepositories/pico-sdk/lib/tinyusb/src/device/usbd.o
 .rodata.process_control_request
                0x1000d148       0x28 VisualGDB/Debug/_2_/ExternalRepositories/pico-sdk/lib/tinyusb/src/device/usbd.o
 .rodata.process_get_descriptor
                0x1000d170       0x40 VisualGDB/Debug/_2_/ExternalRepositories/pico-sdk/lib/tinyusb/src/device/usbd.o
 .rodata.__func__.10
                0x1000d1b0        0x9 VisualGDB/Debug/_2_/ExternalRepositories/pico-sdk/lib/tinyusb/src/device/usbd.o
 *fill*         0x1000d1b9        0x3 
 .rodata.__func__.9
                0x1000d1bc        0x9 VisualGDB/Debug/_2_/ExternalRepositories/pico-sdk/lib/tinyusb/src/device/usbd.o
 *fill*         0x1000d1c5        0x3 
 .rodata.__func__.8
                0x1000d1c8       0x18 VisualGDB/Debug/_2_/ExternalRepositories/pico-sdk/lib/tinyusb/src/device/usbd.o
 .rodata.__func__.7
                0x1000d1e0       0x13 VisualGDB/Debug/_2_/ExternalRepositories/pico-sdk/lib/tinyusb/src/device/usbd.o
 *fill*         0x1000d1f3        0x1 
 .rodata.__func__.6
                0x1000d1f4       0x17 VisualGDB/Debug/_2_/ExternalRepositories/pico-sdk/lib/tinyusb/src/device/usbd.o
 *fill*         0x1000d20b        0x1 
 .rodata.__func__.5
                0x1000d20c       0x10 VisualGDB/Debug/_2_/ExternalRepositories/pico-sdk/lib/tinyusb/src/device/usbd.o
 .rodata.__func__.4
                0x1000d21c       0x14 VisualGDB/Debug/_2_/ExternalRepositories/pico-sdk/lib/tinyusb/src/device/usbd.o
 .rodata.__func__.3
                0x1000d230        0xf VisualGDB/Debug/_2_/ExternalRepositories/pico-sdk/lib/tinyusb/src/device/usbd.o
 *fill*         0x1000d23f        0x1 
 .rodata.__func__.2
                0x1000d240        0xf VisualGDB/Debug/_2_/ExternalRepositories/pico-sdk/lib/tinyusb/src/device/usbd.o
 *fill*         0x1000d24f        0x1 
 .rodata        0x1000d250       0x17 VisualGDB/Debug/_2_/ExternalRepositories/pico-sdk/lib/tinyusb/src/device/usbd_control.o
 *fill*         0x1000d267        0x1 
 .rodata.__func__.1
                0x1000d268       0x11 VisualGDB/Debug/_2_/ExternalRepositories/pico-sdk/lib/tinyusb/src/device/usbd_control.o
 *fill*         0x1000d279        0x3 
 .rodata.__func__.0